main.c:175:5:main	8	static
main.c:414:6:AP_APIB_GetDataFromHWPin	16	static
main.c:429:6:AP_APIB_SetDataToHWPin	16	static
main.c:444:6:AP_APIB_Check_Fail	16	static
main.c:465:7:AP_APIB_CheckATT	16	static
main.c:481:6:AP_APIB_ReadTriple	32	static
main.c:505:6:AP_APIB_WriteTriple	24	static
main.c:516:6:AP_APIB_WriteArray	24	static
main.c:527:6:AP_APIB_WriteByte	16	static
main.c:535:6:AP_APIB_WriteWord	16	static
main.c:541:6:AP_APIB_WriteAddress	16	static
main.c:547:6:AP_APIB_DELAY	24	static,ignoring_inline_asm
main.c:556:6:AP_APIB_ReadByte	24	static
main.c:565:7:Check_Signature	16	static
main.c:587:6:SystemClock_Config	88	static
main.c:632:6:AP_APIB_DATA_PORT_INPUT	24	static
main.c:686:6:AP_APIB_DATA_PORT_OUTPUT	24	static
main.c:741:13:MX_GPIO_Init	40	static
main.c:841:6:AP_APIB_DataWrite	16	static
main.c:851:6:AP_APIB_DataRead	8	static
main.c:860:6:AP_APIB_R_Pulse	16	static
main.c:874:6:AP_APIB_A_Pulse	8	static
main.c:883:6:AP_APIB_W_Pulse	8	static
main.c:892:7:AP_APIB_Read_IRQ	8	static
main.c:905:7:AP_APIB_Read_PWR	8	static
main.c:910:7:AP_APIB_Read_ATT	8	static
main.c:915:7:AP_APIB_Read_AUX	8	static
main.c:920:6:AP_APIB_Reset_AP	8	static
main.c:934:6:Error_Handler	4	static
