Archive member included to satisfy reference by file (symbol)

c:/st/stm32cubeide_1.3.0/stm32cubeide/plugins/com.st.stm32cube.ide.mcu.externaltools.gnu-tools-for-stm32.7-2018-q2-update.win32_1.0.0.201904181610/tools/bin/../lib/gcc/arm-none-eabi/7.3.1/../../../../arm-none-eabi/lib/thumb/v7-m\libc_nano.a(lib_a-errno.o)
                              Core/Src/syscalls.o (__errno)
c:/st/stm32cubeide_1.3.0/stm32cubeide/plugins/com.st.stm32cube.ide.mcu.externaltools.gnu-tools-for-stm32.7-2018-q2-update.win32_1.0.0.201904181610/tools/bin/../lib/gcc/arm-none-eabi/7.3.1/../../../../arm-none-eabi/lib/thumb/v7-m\libc_nano.a(lib_a-exit.o)
                              c:/st/stm32cubeide_1.3.0/stm32cubeide/plugins/com.st.stm32cube.ide.mcu.externaltools.gnu-tools-for-stm32.7-2018-q2-update.win32_1.0.0.201904181610/tools/bin/../lib/gcc/arm-none-eabi/7.3.1/../../../../arm-none-eabi/lib/thumb/v7-m/crt0.o (exit)
c:/st/stm32cubeide_1.3.0/stm32cubeide/plugins/com.st.stm32cube.ide.mcu.externaltools.gnu-tools-for-stm32.7-2018-q2-update.win32_1.0.0.201904181610/tools/bin/../lib/gcc/arm-none-eabi/7.3.1/../../../../arm-none-eabi/lib/thumb/v7-m\libc_nano.a(lib_a-impure.o)
                              c:/st/stm32cubeide_1.3.0/stm32cubeide/plugins/com.st.stm32cube.ide.mcu.externaltools.gnu-tools-for-stm32.7-2018-q2-update.win32_1.0.0.201904181610/tools/bin/../lib/gcc/arm-none-eabi/7.3.1/../../../../arm-none-eabi/lib/thumb/v7-m\libc_nano.a(lib_a-exit.o) (_global_impure_ptr)
c:/st/stm32cubeide_1.3.0/stm32cubeide/plugins/com.st.stm32cube.ide.mcu.externaltools.gnu-tools-for-stm32.7-2018-q2-update.win32_1.0.0.201904181610/tools/bin/../lib/gcc/arm-none-eabi/7.3.1/../../../../arm-none-eabi/lib/thumb/v7-m\libc_nano.a(lib_a-init.o)
                              c:/st/stm32cubeide_1.3.0/stm32cubeide/plugins/com.st.stm32cube.ide.mcu.externaltools.gnu-tools-for-stm32.7-2018-q2-update.win32_1.0.0.201904181610/tools/bin/../lib/gcc/arm-none-eabi/7.3.1/../../../../arm-none-eabi/lib/thumb/v7-m/crt0.o (__libc_init_array)
c:/st/stm32cubeide_1.3.0/stm32cubeide/plugins/com.st.stm32cube.ide.mcu.externaltools.gnu-tools-for-stm32.7-2018-q2-update.win32_1.0.0.201904181610/tools/bin/../lib/gcc/arm-none-eabi/7.3.1/../../../../arm-none-eabi/lib/thumb/v7-m\libc_nano.a(lib_a-memset.o)
                              c:/st/stm32cubeide_1.3.0/stm32cubeide/plugins/com.st.stm32cube.ide.mcu.externaltools.gnu-tools-for-stm32.7-2018-q2-update.win32_1.0.0.201904181610/tools/bin/../lib/gcc/arm-none-eabi/7.3.1/../../../../arm-none-eabi/lib/thumb/v7-m/crt0.o (memset)
c:/st/stm32cubeide_1.3.0/stm32cubeide/plugins/com.st.stm32cube.ide.mcu.externaltools.gnu-tools-for-stm32.7-2018-q2-update.win32_1.0.0.201904181610/tools/bin/../lib/gcc/arm-none-eabi/7.3.1/../../../../arm-none-eabi/lib/thumb/v7-m\libc_nano.a(lib_a-strncpy.o)
                              USB_DEVICE/App/usbd_cdc_if.o (strncpy)

Allocating common symbols
Common symbol       size              file

hUsbDeviceFS        0x2c4             USB_DEVICE/App/usb_device.o
rx_buff             0x200             Core/Src/main.o
uwTick              0x4               Drivers/STM32F1xx_HAL_Driver/Src/stm32f1xx_hal.o
pFlash              0x20              Drivers/STM32F1xx_HAL_Driver/Src/stm32f1xx_hal_flash.o
UserRxBufferFS      0x3e8             USB_DEVICE/App/usbd_cdc_if.o
UserTxBufferFS      0x3e8             USB_DEVICE/App/usbd_cdc_if.o
tx_buff             0x200             Core/Src/main.o
hpcd_USB_FS         0x2ec             USB_DEVICE/Target/usbd_conf.o
USBD_StrDesc        0x200             USB_DEVICE/App/usbd_desc.o

Discarded input sections

 .text          0x0000000000000000        0x0 c:/st/stm32cubeide_1.3.0/stm32cubeide/plugins/com.st.stm32cube.ide.mcu.externaltools.gnu-tools-for-stm32.7-2018-q2-update.win32_1.0.0.201904181610/tools/bin/../lib/gcc/arm-none-eabi/7.3.1/thumb/v7-m/crti.o
 .data          0x0000000000000000        0x0 c:/st/stm32cubeide_1.3.0/stm32cubeide/plugins/com.st.stm32cube.ide.mcu.externaltools.gnu-tools-for-stm32.7-2018-q2-update.win32_1.0.0.201904181610/tools/bin/../lib/gcc/arm-none-eabi/7.3.1/thumb/v7-m/crti.o
 .bss           0x0000000000000000        0x0 c:/st/stm32cubeide_1.3.0/stm32cubeide/plugins/com.st.stm32cube.ide.mcu.externaltools.gnu-tools-for-stm32.7-2018-q2-update.win32_1.0.0.201904181610/tools/bin/../lib/gcc/arm-none-eabi/7.3.1/thumb/v7-m/crti.o
 .data          0x0000000000000000        0x4 c:/st/stm32cubeide_1.3.0/stm32cubeide/plugins/com.st.stm32cube.ide.mcu.externaltools.gnu-tools-for-stm32.7-2018-q2-update.win32_1.0.0.201904181610/tools/bin/../lib/gcc/arm-none-eabi/7.3.1/thumb/v7-m/crtbegin.o
 .text          0x0000000000000000       0x74 c:/st/stm32cubeide_1.3.0/stm32cubeide/plugins/com.st.stm32cube.ide.mcu.externaltools.gnu-tools-for-stm32.7-2018-q2-update.win32_1.0.0.201904181610/tools/bin/../lib/gcc/arm-none-eabi/7.3.1/../../../../arm-none-eabi/lib/thumb/v7-m/crt0.o
[...]
Memory Configuration

Name             Origin             Length             Attributes
RAM              0x0000000020000000 0x0000000000005000 xrw
FLASH            0x0000000008000000 0x0000000000010000 xr
*default*        0x0000000000000000 0xffffffffffffffff

Linker script and memory map

LOAD c:/st/stm32cubeide_1.3.0/stm32cubeide/plugins/com.st.stm32cube.ide.mcu.externaltools.gnu-tools-for-stm32.7-2018-q2-update.win32_1.0.0.201904181610/tools/bin/../lib/gcc/arm-none-eabi/7.3.1/thumb/v7-m/crti.o
LOAD c:/st/stm32cubeide_1.3.0/stm32cubeide/plugins/com.st.stm32cube.ide.mcu.externaltools.gnu-tools-for-stm32.7-2018-q2-update.win32_1.0.0.201904181610/tools/bin/../lib/gcc/arm-none-eabi/7.3.1/thumb/v7-m/crtbegin.o
LOAD c:/st/stm32cubeide_1.3.0/stm32cubeide/plugins/com.st.stm32cube.ide.mcu.externaltools.gnu-tools-for-stm32.7-2018-q2-update.win32_1.0.0.201904181610/tools/bin/../lib/gcc/arm-none-eabi/7.3.1/../../../../arm-none-eabi/lib/thumb/v7-m/crt0.o
LOAD Core/Src/main.o
LOAD Core/Src/stm32f1xx_hal_msp.o
LOAD Core/Src/stm32f1xx_it.o
LOAD Core/Src/syscalls.o
LOAD Core/Src/sysmem.o
LOAD Core/Src/system_stm32f1xx.o
LOAD Core/Startup/startup_stm32f103c8tx.o
LOAD Drivers/STM32F1xx_HAL_Driver/Src/stm32f1xx_hal.o
LOAD Drivers/STM32F1xx_HAL_Driver/Src/stm32f1xx_hal_cortex.o
LOAD Drivers/STM32F1xx_HAL_Driver/Src/stm32f1xx_hal_dma.o
LOAD Drivers/STM32F1xx_HAL_Driver/Src/stm32f1xx_hal_exti.o
LOAD Drivers/STM32F1xx_HAL_Driver/Src/stm32f1xx_hal_flash.o
LOAD Drivers/STM32F1xx_HAL_Driver/Src/stm32f1xx_hal_flash_ex.o
LOAD Drivers/STM32F1xx_HAL_Driver/Src/stm32f1xx_hal_gpio.o
LOAD Drivers/STM32F1xx_HAL_Driver/Src/stm32f1xx_hal_gpio_ex.o
LOAD Drivers/STM32F1xx_HAL_Driver/Src/stm32f1xx_hal_pcd.o
LOAD Drivers/STM32F1xx_HAL_Driver/Src/stm32f1xx_hal_pcd_ex.o
LOAD Drivers/STM32F1xx_HAL_Driver/Src/stm32f1xx_hal_pwr.o
LOAD Drivers/STM32F1xx_HAL_Driver/Src/stm32f1xx_hal_rcc.o
LOAD Drivers/STM32F1xx_HAL_Driver/Src/stm32f1xx_hal_rcc_ex.o
LOAD Drivers/STM32F1xx_HAL_Driver/Src/stm32f1xx_hal_tim.o
LOAD Drivers/STM32F1xx_HAL_Driver/Src/stm32f1xx_hal_tim_ex.o
LOAD Drivers/STM32F1xx_HAL_Driver/Src/stm32f1xx_ll_usb.o
LOAD Middlewares/ST/STM32_USB_Device_Library/Class/CDC/Src/usbd_cdc.o
LOAD Middlewares/ST/STM32_USB_Device_Library/Core/Src/usbd_core.o
LOAD Middlewares/ST/STM32_USB_Device_Library/Core/Src/usbd_ctlreq.o
LOAD Middlewares/ST/STM32_USB_Device_Library/Core/Src/usbd_ioreq.o
LOAD USB_DEVICE/App/usb_device.o
LOAD USB_DEVICE/App/usbd_cdc_if.o
LOAD USB_DEVICE/App/usbd_desc.o
LOAD USB_DEVICE/Target/usbd_conf.o
START GROUP
LOAD c:/st/stm32cubeide_1.3.0/stm32cubeide/plugins/com.st.stm32cube.ide.mcu.externaltools.gnu-tools-for-stm32.7-2018-q2-update.win32_1.0.0.201904181610/tools/bin/../lib/gcc/arm-none-eabi/7.3.1/../../../../arm-none-eabi/lib/thumb/v7-m\libc_nano.a
LOAD c:/st/stm32cubeide_1.3.0/stm32cubeide/plugins/com.st.stm32cube.ide.mcu.externaltools.gnu-tools-for-stm32.7-2018-q2-update.win32_1.0.0.201904181610/tools/bin/../lib/gcc/arm-none-eabi/7.3.1/../../../../arm-none-eabi/lib/thumb/v7-m\libm.a
END GROUP
START GROUP
LOAD c:/st/stm32cubeide_1.3.0/stm32cubeide/plugins/com.st.stm32cube.ide.mcu.externaltools.gnu-tools-for-stm32.7-2018-q2-update.win32_1.0.0.201904181610/tools/bin/../lib/gcc/arm-none-eabi/7.3.1/thumb/v7-m\libgcc.a
LOAD c:/st/stm32cubeide_1.3.0/stm32cubeide/plugins/com.st.stm32cube.ide.mcu.externaltools.gnu-tools-for-stm32.7-2018-q2-update.win32_1.0.0.201904181610/tools/bin/../lib/gcc/arm-none-eabi/7.3.1/../../../../arm-none-eabi/lib/thumb/v7-m\libc_nano.a
END GROUP
START GROUP
LOAD c:/st/stm32cubeide_1.3.0/stm32cubeide/plugins/com.st.stm32cube.ide.mcu.externaltools.gnu-tools-for-stm32.7-2018-q2-update.win32_1.0.0.201904181610/tools/bin/../lib/gcc/arm-none-eabi/7.3.1/thumb/v7-m\libgcc.a
LOAD c:/st/stm32cubeide_1.3.0/stm32cubeide/plugins/com.st.stm32cube.ide.mcu.externaltools.gnu-tools-for-stm32.7-2018-q2-update.win32_1.0.0.201904181610/tools/bin/../lib/gcc/arm-none-eabi/7.3.1/../../../../arm-none-eabi/lib/thumb/v7-m\libc_nano.a
LOAD c:/st/stm32cubeide_1.3.0/stm32cubeide/plugins/com.st.stm32cube.ide.mcu.externaltools.gnu-tools-for-stm32.7-2018-q2-update.win32_1.0.0.201904181610/tools/bin/../lib/gcc/arm-none-eabi/7.3.1/../../../../arm-none-eabi/lib/thumb/v7-m\libnosys.a
END GROUP
START GROUP
LOAD c:/st/stm32cubeide_1.3.0/stm32cubeide/plugins/com.st.stm32cube.ide.mcu.externaltools.gnu-tools-for-stm32.7-2018-q2-update.win32_1.0.0.201904181610/tools/bin/../lib/gcc/arm-none-eabi/7.3.1/thumb/v7-m\libgcc.a
LOAD c:/st/stm32cubeide_1.3.0/stm32cubeide/plugins/com.st.stm32cube.ide.mcu.externaltools.gnu-tools-for-stm32.7-2018-q2-update.win32_1.0.0.201904181610/tools/bin/../lib/gcc/arm-none-eabi/7.3.1/../../../../arm-none-eabi/lib/thumb/v7-m\libc_nano.a
LOAD c:/st/stm32cubeide_1.3.0/stm32cubeide/plugins/com.st.stm32cube.ide.mcu.externaltools.gnu-tools-for-stm32.7-2018-q2-update.win32_1.0.0.201904181610/tools/bin/../lib/gcc/arm-none-eabi/7.3.1/../../../../arm-none-eabi/lib/thumb/v7-m\libnosys.a
END GROUP
LOAD c:/st/stm32cubeide_1.3.0/stm32cubeide/plugins/com.st.stm32cube.ide.mcu.externaltools.gnu-tools-for-stm32.7-2018-q2-update.win32_1.0.0.201904181610/tools/bin/../lib/gcc/arm-none-eabi/7.3.1/thumb/v7-m/crtend.o
LOAD c:/st/stm32cubeide_1.3.0/stm32cubeide/plugins/com.st.stm32cube.ide.mcu.externaltools.gnu-tools-for-stm32.7-2018-q2-update.win32_1.0.0.201904181610/tools/bin/../lib/gcc/arm-none-eabi/7.3.1/thumb/v7-m/crtn.o
                0x0000000020005000                _estack = (ORIGIN (RAM) + LENGTH (RAM))
                0x0000000000001000                _Min_Heap_Size = 0x1000
                0x0000000000001000                _Min_Stack_Size = 0x1000

.isr_vector     0x0000000008000000      0x10c
                0x0000000008000000                . = ALIGN (0x4)
 *(.isr_vector)
 .isr_vector    0x0000000008000000      0x10c Core/Startup/startup_stm32f103c8tx.o
                0x0000000008000000                g_pfnVectors
                0x000000000800010c                . = ALIGN (0x4)

.text           0x000000000800010c     0x74fc
                0x000000000800010c                . = ALIGN (0x4)
 *(.text)
 .text          0x000000000800010c       0x40 c:/st/stm32cubeide_1.3.0/stm32cubeide/plugins/com.st.stm32cube.ide.mcu.externaltools.gnu-tools-for-stm32.7-2018-q2-update.win32_1.0.0.201904181610/tools/bin/../lib/gcc/arm-none-eabi/7.3.1/thumb/v7-m/crtbegin.o
 *(.text*)
 .text.main     0x000000000800014c      0x3f0 Core/Src/main.o
                0x000000000800014c                main
 .text.AP_APIB_GetDataFromHWPin
                0x000000000800053c       0xcc Core/Src/main.o
                0x000000000800053c                AP_APIB_GetDataFromHWPin
 .text.AP_APIB_SetDataToHWPin
                0x0000000008000608       0xc8 Core/Src/main.o
                0x0000000008000608                AP_APIB_SetDataToHWPin
 .text.AP_APIB_WriteByte
                0x00000000080006d0       0x30 Core/Src/main.o
                0x00000000080006d0                AP_APIB_WriteByte
 .text.AP_APIB_DELAY
                0x0000000008000700       0x28 Core/Src/main.o
                0x0000000008000700                AP_APIB_DELAY
 .text.AP_APIB_ReadByte
                0x0000000008000728       0x2c Core/Src/main.o
                0x0000000008000728                AP_APIB_ReadByte
 .text.SystemClock_Config
                0x0000000008000754       0xb4 Core/Src/main.o
                0x0000000008000754                SystemClock_Config
 .text.AP_APIB_DATA_PORT_OUTPUT
                0x0000000008000808      0x104 Core/Src/main.o
                0x0000000008000808                AP_APIB_DATA_PORT_OUTPUT
 .text.MX_GPIO_Init
                0x000000000800090c      0x200 Core/Src/main.o
 .text.AP_APIB_DataWrite
                0x0000000008000b0c       0x40 Core/Src/main.o
                0x0000000008000b0c                AP_APIB_DataWrite
 .text.AP_APIB_R_Pulse
                0x0000000008000b4c       0x5c Core/Src/main.o
                0x0000000008000b4c                AP_APIB_R_Pulse
 .text.AP_APIB_A_Pulse
                0x0000000008000ba8       0x34 Core/Src/main.o
                0x0000000008000ba8                AP_APIB_A_Pulse
 .text.AP_APIB_W_Pulse
                0x0000000008000bdc       0x34 Core/Src/main.o
                0x0000000008000bdc                AP_APIB_W_Pulse
 .text.AP_APIB_Read_IRQ
                0x0000000008000c10       0x20 Core/Src/main.o
                0x0000000008000c10                AP_APIB_Read_IRQ
 .text.AP_APIB_Reset_AP
                0x0000000008000c30       0x28 Core/Src/main.o
                0x0000000008000c30                AP_APIB_Reset_AP
 .text.Error_Handler
                0x0000000008000c58        0xc Core/Src/main.o
                0x0000000008000c58                Error_Handler
 .text.HAL_MspInit
                0x0000000008000c64       0x64 Core/Src/stm32f1xx_hal_msp.o
                0x0000000008000c64                HAL_MspInit
 .text.NMI_Handler
                0x0000000008000cc8        0xc Core/Src/stm32f1xx_it.o
                0x0000000008000cc8                NMI_Handler
 .text.HardFault_Handler
                0x0000000008000cd4        0x6 Core/Src/stm32f1xx_it.o
                0x0000000008000cd4                HardFault_Handler
 .text.MemManage_Handler
                0x0000000008000cda        0x6 Core/Src/stm32f1xx_it.o
                0x0000000008000cda                MemManage_Handler
 .text.BusFault_Handler
                0x0000000008000ce0        0x6 Core/Src/stm32f1xx_it.o
                0x0000000008000ce0                BusFault_Handler
 .text.UsageFault_Handler
                0x0000000008000ce6        0x6 Core/Src/stm32f1xx_it.o
                0x0000000008000ce6                UsageFault_Handler
 .text.SVC_Handler
                0x0000000008000cec        0xc Core/Src/stm32f1xx_it.o
                0x0000000008000cec                SVC_Handler
 .text.DebugMon_Handler
                0x0000000008000cf8        0xc Core/Src/stm32f1xx_it.o
                0x0000000008000cf8                DebugMon_Handler
 .text.PendSV_Handler
                0x0000000008000d04        0xc Core/Src/stm32f1xx_it.o
                0x0000000008000d04                PendSV_Handler
 .text.SysTick_Handler
                0x0000000008000d10        0xc Core/Src/stm32f1xx_it.o
                0x0000000008000d10                SysTick_Handler
 .text.USB_LP_CAN1_RX0_IRQHandler
                0x0000000008000d1c       0x14 Core/Src/stm32f1xx_it.o
                0x0000000008000d1c                USB_LP_CAN1_RX0_IRQHandler
 .text.SystemInit
                0x0000000008000d30        0xc Core/Src/system_stm32f1xx.o
                0x0000000008000d30                SystemInit
 .text.Reset_Handler
                0x0000000008000d3c       0x48 Core/Startup/startup_stm32f103c8tx.o
                0x0000000008000d3c                Reset_Handler
 .text.Default_Handler
                0x0000000008000d84        0x2 Core/Startup/startup_stm32f103c8tx.o
                0x0000000008000d84                RTC_Alarm_IRQHandler
                0x0000000008000d84                EXTI2_IRQHandler
                0x0000000008000d84                TIM1_CC_IRQHandler
                0x0000000008000d84                PVD_IRQHandler
                0x0000000008000d84                EXTI3_IRQHandler
                0x0000000008000d84                EXTI0_IRQHandler
                0x0000000008000d84                I2C2_EV_IRQHandler
                0x0000000008000d84                ADC1_2_IRQHandler
                0x0000000008000d84                SPI1_IRQHandler
                0x0000000008000d84                TAMPER_IRQHandler
                0x0000000008000d84                DMA1_Channel4_IRQHandler
                0x0000000008000d84                USART3_IRQHandler
                0x0000000008000d84                RTC_IRQHandler
                0x0000000008000d84                DMA1_Channel7_IRQHandler
                0x0000000008000d84                CAN1_RX1_IRQHandler
                0x0000000008000d84                TIM4_IRQHandler
                0x0000000008000d84                I2C1_EV_IRQHandler
                0x0000000008000d84                DMA1_Channel6_IRQHandler
                0x0000000008000d84                TIM3_IRQHandler
                0x0000000008000d84                RCC_IRQHandler
                0x0000000008000d84                TIM1_TRG_COM_IRQHandler
                0x0000000008000d84                DMA1_Channel1_IRQHandler
                0x0000000008000d84                Default_Handler
                0x0000000008000d84                EXTI15_10_IRQHandler
                0x0000000008000d84                EXTI9_5_IRQHandler
                0x0000000008000d84                SPI2_IRQHandler
                0x0000000008000d84                DMA1_Channel5_IRQHandler
                0x0000000008000d84                EXTI4_IRQHandler
                0x0000000008000d84                USB_HP_CAN1_TX_IRQHandler
                0x0000000008000d84                DMA1_Channel3_IRQHandler
                0x0000000008000d84                TIM1_UP_IRQHandler
                0x0000000008000d84                WWDG_IRQHandler
                0x0000000008000d84                TIM2_IRQHandler
                0x0000000008000d84                TIM1_BRK_IRQHandler
                0x0000000008000d84                EXTI1_IRQHandler
                0x0000000008000d84                USART2_IRQHandler
                0x0000000008000d84                I2C2_ER_IRQHandler
                0x0000000008000d84                DMA1_Channel2_IRQHandler
                0x0000000008000d84                CAN1_SCE_IRQHandler
                0x0000000008000d84                FLASH_IRQHandler
                0x0000000008000d84                USART1_IRQHandler
                0x0000000008000d84                I2C1_ER_IRQHandler
                0x0000000008000d84                USBWakeUp_IRQHandler
 *fill*         0x0000000008000d86        0x2 
 .text.HAL_Init
                0x0000000008000d88       0x2c Drivers/STM32F1xx_HAL_Driver/Src/stm32f1xx_hal.o
                0x0000000008000d88                HAL_Init
 .text.HAL_InitTick
                0x0000000008000db4       0x60 Drivers/STM32F1xx_HAL_Driver/Src/stm32f1xx_hal.o
                0x0000000008000db4                HAL_InitTick
 .text.HAL_IncTick
                0x0000000008000e14       0x24 Drivers/STM32F1xx_HAL_Driver/Src/stm32f1xx_hal.o
                0x0000000008000e14                HAL_IncTick
 .text.HAL_GetTick
                0x0000000008000e38       0x14 Drivers/STM32F1xx_HAL_Driver/Src/stm32f1xx_hal.o
                0x0000000008000e38                HAL_GetTick
 .text.__NVIC_SetPriorityGrouping
                0x0000000008000e4c       0x48 Drivers/STM32F1xx_HAL_Driver/Src/stm32f1xx_hal_cortex.o
 .text.__NVIC_GetPriorityGrouping
                0x0000000008000e94       0x1c Drivers/STM32F1xx_HAL_Driver/Src/stm32f1xx_hal_cortex.o
 .text.__NVIC_EnableIRQ
                0x0000000008000eb0       0x38 Drivers/STM32F1xx_HAL_Driver/Src/stm32f1xx_hal_cortex.o
 .text.__NVIC_SetPriority
                0x0000000008000ee8       0x54 Drivers/STM32F1xx_HAL_Driver/Src/stm32f1xx_hal_cortex.o
 .text.NVIC_EncodePriority
                0x0000000008000f3c       0x64 Drivers/STM32F1xx_HAL_Driver/Src/stm32f1xx_hal_cortex.o
 .text.SysTick_Config
                0x0000000008000fa0       0x44 Drivers/STM32F1xx_HAL_Driver/Src/stm32f1xx_hal_cortex.o
 .text.HAL_NVIC_SetPriorityGrouping
                0x0000000008000fe4       0x16 Drivers/STM32F1xx_HAL_Driver/Src/stm32f1xx_hal_cortex.o
                0x0000000008000fe4                HAL_NVIC_SetPriorityGrouping
 .text.HAL_NVIC_SetPriority
                0x0000000008000ffa       0x38 Drivers/STM32F1xx_HAL_Driver/Src/stm32f1xx_hal_cortex.o
                0x0000000008000ffa                HAL_NVIC_SetPriority
 .text.HAL_NVIC_EnableIRQ
                0x0000000008001032       0x1c Drivers/STM32F1xx_HAL_Driver/Src/stm32f1xx_hal_cortex.o
                0x0000000008001032                HAL_NVIC_EnableIRQ
 .text.HAL_SYSTICK_Config
                0x000000000800104e       0x18 Drivers/STM32F1xx_HAL_Driver/Src/stm32f1xx_hal_cortex.o
                0x000000000800104e                HAL_SYSTICK_Config
 *fill*         0x0000000008001066        0x2 
 .text.HAL_GPIO_Init
                0x0000000008001068      0x2b4 Drivers/STM32F1xx_HAL_Driver/Src/stm32f1xx_hal_gpio.o
                0x0000000008001068                HAL_GPIO_Init
 .text.HAL_GPIO_ReadPin
                0x000000000800131c       0x2e Drivers/STM32F1xx_HAL_Driver/Src/stm32f1xx_hal_gpio.o
                0x000000000800131c                HAL_GPIO_ReadPin
 .text.HAL_GPIO_WritePin
                0x000000000800134a       0x30 Drivers/STM32F1xx_HAL_Driver/Src/stm32f1xx_hal_gpio.o
                0x000000000800134a                HAL_GPIO_WritePin
 .text.HAL_PCD_Init
                0x000000000800137a      0x216 Drivers/STM32F1xx_HAL_Driver/Src/stm32f1xx_hal_pcd.o
                0x000000000800137a                HAL_PCD_Init
 .text.HAL_PCD_Start
                0x0000000008001590       0x4c Drivers/STM32F1xx_HAL_Driver/Src/stm32f1xx_hal_pcd.o
                0x0000000008001590                HAL_PCD_Start
 .text.HAL_PCD_IRQHandler
                0x00000000080015dc      0x2aa Drivers/STM32F1xx_HAL_Driver/Src/stm32f1xx_hal_pcd.o
                0x00000000080015dc                HAL_PCD_IRQHandler
 .text.HAL_PCD_SetAddress
                0x0000000008001886       0x4a Drivers/STM32F1xx_HAL_Driver/Src/stm32f1xx_hal_pcd.o
                0x0000000008001886                HAL_PCD_SetAddress
 .text.HAL_PCD_EP_Open
                0x00000000080018d0       0xcc Drivers/STM32F1xx_HAL_Driver/Src/stm32f1xx_hal_pcd.o
                0x00000000080018d0                HAL_PCD_EP_Open
 .text.HAL_PCD_EP_Close
                0x000000000800199c       0x90 Drivers/STM32F1xx_HAL_Driver/Src/stm32f1xx_hal_pcd.o
                0x000000000800199c                HAL_PCD_EP_Close
 .text.HAL_PCD_EP_Receive
                0x0000000008001a2c       0x7a Drivers/STM32F1xx_HAL_Driver/Src/stm32f1xx_hal_pcd.o
                0x0000000008001a2c                HAL_PCD_EP_Receive
 .text.HAL_PCD_EP_GetRxCount
                0x0000000008001aa6       0x2e Drivers/STM32F1xx_HAL_Driver/Src/stm32f1xx_hal_pcd.o
                0x0000000008001aa6                HAL_PCD_EP_GetRxCount
 .text.HAL_PCD_EP_Transmit
                0x0000000008001ad4       0x86 Drivers/STM32F1xx_HAL_Driver/Src/stm32f1xx_hal_pcd.o
                0x0000000008001ad4                HAL_PCD_EP_Transmit
 .text.HAL_PCD_EP_SetStall
                0x0000000008001b5a       0xc0 Drivers/STM32F1xx_HAL_Driver/Src/stm32f1xx_hal_pcd.o
                0x0000000008001b5a                HAL_PCD_EP_SetStall
 .text.HAL_PCD_EP_ClrStall
                0x0000000008001c1a       0xa8 Drivers/STM32F1xx_HAL_Driver/Src/stm32f1xx_hal_pcd.o
                0x0000000008001c1a                HAL_PCD_EP_ClrStall
 .text.PCD_EP_ISR_Handler
                0x0000000008001cc2      0x5e6 Drivers/STM32F1xx_HAL_Driver/Src/stm32f1xx_hal_pcd.o
 .text.HAL_PCD_EP_DB_Receive
                0x00000000080022a8      0x21a Drivers/STM32F1xx_HAL_Driver/Src/stm32f1xx_hal_pcd.o
 .text.HAL_PCD_EP_DB_Transmit
                0x00000000080024c2      0x53a Drivers/STM32F1xx_HAL_Driver/Src/stm32f1xx_hal_pcd.o
 .text.HAL_PCDEx_PMAConfig
                0x00000000080029fc       0x84 Drivers/STM32F1xx_HAL_Driver/Src/stm32f1xx_hal_pcd_ex.o
                0x00000000080029fc                HAL_PCDEx_PMAConfig
 .text.HAL_RCC_OscConfig
                0x0000000008002a80      0x500 Drivers/STM32F1xx_HAL_Driver/Src/stm32f1xx_hal_rcc.o
                0x0000000008002a80                HAL_RCC_OscConfig
 .text.HAL_RCC_ClockConfig
                0x0000000008002f80      0x1d4 Drivers/STM32F1xx_HAL_Driver/Src/stm32f1xx_hal_rcc.o
                0x0000000008002f80                HAL_RCC_ClockConfig
 .text.HAL_RCC_GetSysClockFreq
                0x0000000008003154       0xc4 Drivers/STM32F1xx_HAL_Driver/Src/stm32f1xx_hal_rcc.o
                0x0000000008003154                HAL_RCC_GetSysClockFreq
 .text.RCC_Delay
                0x0000000008003218       0x3c Drivers/STM32F1xx_HAL_Driver/Src/stm32f1xx_hal_rcc.o
 .text.HAL_RCCEx_PeriphCLKConfig
                0x0000000008003254      0x16c Drivers/STM32F1xx_HAL_Driver/Src/stm32f1xx_hal_rcc_ex.o
                0x0000000008003254                HAL_RCCEx_PeriphCLKConfig
 .text.USB_CoreInit
                0x00000000080033c0       0x20 Drivers/STM32F1xx_HAL_Driver/Src/stm32f1xx_ll_usb.o
                0x00000000080033c0                USB_CoreInit
 .text.USB_EnableGlobalInt
                0x00000000080033e0       0x2c Drivers/STM32F1xx_HAL_Driver/Src/stm32f1xx_ll_usb.o
                0x00000000080033e0                USB_EnableGlobalInt
 .text.USB_DisableGlobalInt
                0x000000000800340c       0x34 Drivers/STM32F1xx_HAL_Driver/Src/stm32f1xx_ll_usb.o
                0x000000000800340c                USB_DisableGlobalInt
 .text.USB_SetCurrentMode
                0x0000000008003440       0x18 Drivers/STM32F1xx_HAL_Driver/Src/stm32f1xx_ll_usb.o
                0x0000000008003440                USB_SetCurrentMode
 .text.USB_DevInit
                0x0000000008003458       0x40 Drivers/STM32F1xx_HAL_Driver/Src/stm32f1xx_ll_usb.o
                0x0000000008003458                USB_DevInit
 .text.USB_ActivateEndpoint
                0x0000000008003498      0x6d4 Drivers/STM32F1xx_HAL_Driver/Src/stm32f1xx_ll_usb.o
                0x0000000008003498                USB_ActivateEndpoint
 .text.USB_DeactivateEndpoint
                0x0000000008003b6c      0x3d8 Drivers/STM32F1xx_HAL_Driver/Src/stm32f1xx_ll_usb.o
                0x0000000008003b6c                USB_DeactivateEndpoint
 .text.USB_EPStartXfer
                0x0000000008003f44     0x1240 Drivers/STM32F1xx_HAL_Driver/Src/stm32f1xx_ll_usb.o
                0x0000000008003f44                USB_EPStartXfer
 .text.USB_EPSetStall
                0x0000000008005184       0xa0 Drivers/STM32F1xx_HAL_Driver/Src/stm32f1xx_ll_usb.o
                0x0000000008005184                USB_EPSetStall
 .text.USB_EPClearStall
                0x0000000008005224      0x15a Drivers/STM32F1xx_HAL_Driver/Src/stm32f1xx_ll_usb.o
                0x0000000008005224                USB_EPClearStall
 .text.USB_SetDevAddress
                0x000000000800537e       0x26 Drivers/STM32F1xx_HAL_Driver/Src/stm32f1xx_ll_usb.o
                0x000000000800537e                USB_SetDevAddress
 .text.USB_DevConnect
                0x00000000080053a4       0x14 Drivers/STM32F1xx_HAL_Driver/Src/stm32f1xx_ll_usb.o
                0x00000000080053a4                USB_DevConnect
 .text.USB_DevDisconnect
                0x00000000080053b8       0x14 Drivers/STM32F1xx_HAL_Driver/Src/stm32f1xx_ll_usb.o
                0x00000000080053b8                USB_DevDisconnect
 .text.USB_ReadInterrupts
                0x00000000080053cc       0x1e Drivers/STM32F1xx_HAL_Driver/Src/stm32f1xx_ll_usb.o
                0x00000000080053cc                USB_ReadInterrupts
 .text.USB_EP0_OutStart
                0x00000000080053ea       0x16 Drivers/STM32F1xx_HAL_Driver/Src/stm32f1xx_ll_usb.o
                0x00000000080053ea                USB_EP0_OutStart
 .text.USB_WritePMA
                0x0000000008005400       0x88 Drivers/STM32F1xx_HAL_Driver/Src/stm32f1xx_ll_usb.o
                0x0000000008005400                USB_WritePMA
 .text.USB_ReadPMA
                0x0000000008005488       0x9e Drivers/STM32F1xx_HAL_Driver/Src/stm32f1xx_ll_usb.o
                0x0000000008005488                USB_ReadPMA
 .text.USBD_CDC_Init
                0x0000000008005526       0xf4 Middlewares/ST/STM32_USB_Device_Library/Class/CDC/Src/usbd_cdc.o
 .text.USBD_CDC_DeInit
                0x000000000800561a       0x6e Middlewares/ST/STM32_USB_Device_Library/Class/CDC/Src/usbd_cdc.o
 .text.USBD_CDC_Setup
                0x0000000008005688      0x140 Middlewares/ST/STM32_USB_Device_Library/Class/CDC/Src/usbd_cdc.o
 .text.USBD_CDC_DataIn
                0x00000000080057c8       0xa6 Middlewares/ST/STM32_USB_Device_Library/Class/CDC/Src/usbd_cdc.o
 .text.USBD_CDC_DataOut
                0x000000000800586e       0x56 Middlewares/ST/STM32_USB_Device_Library/Class/CDC/Src/usbd_cdc.o
 .text.USBD_CDC_EP0_RxReady
                0x00000000080058c4       0x50 Middlewares/ST/STM32_USB_Device_Library/Class/CDC/Src/usbd_cdc.o
 .text.USBD_CDC_GetFSCfgDesc
                0x0000000008005914       0x20 Middlewares/ST/STM32_USB_Device_Library/Class/CDC/Src/usbd_cdc.o
 .text.USBD_CDC_GetHSCfgDesc
                0x0000000008005934       0x20 Middlewares/ST/STM32_USB_Device_Library/Class/CDC/Src/usbd_cdc.o
 .text.USBD_CDC_GetOtherSpeedCfgDesc
                0x0000000008005954       0x20 Middlewares/ST/STM32_USB_Device_Library/Class/CDC/Src/usbd_cdc.o
 .text.USBD_CDC_GetDeviceQualifierDescriptor
                0x0000000008005974       0x20 Middlewares/ST/STM32_USB_Device_Library/Class/CDC/Src/usbd_cdc.o
                0x0000000008005974                USBD_CDC_GetDeviceQualifierDescriptor
 .text.USBD_CDC_RegisterInterface
                0x0000000008005994       0x2c Middlewares/ST/STM32_USB_Device_Library/Class/CDC/Src/usbd_cdc.o
                0x0000000008005994                USBD_CDC_RegisterInterface
 .text.USBD_CDC_SetTxBuffer
                0x00000000080059c0       0x32 Middlewares/ST/STM32_USB_Device_Library/Class/CDC/Src/usbd_cdc.o
                0x00000000080059c0                USBD_CDC_SetTxBuffer
 .text.USBD_CDC_SetRxBuffer
                0x00000000080059f2       0x26 Middlewares/ST/STM32_USB_Device_Library/Class/CDC/Src/usbd_cdc.o
                0x00000000080059f2                USBD_CDC_SetRxBuffer
 .text.USBD_CDC_TransmitPacket
                0x0000000008005a18       0x5e Middlewares/ST/STM32_USB_Device_Library/Class/CDC/Src/usbd_cdc.o
                0x0000000008005a18                USBD_CDC_TransmitPacket
 .text.USBD_CDC_ReceivePacket
                0x0000000008005a76       0x54 Middlewares/ST/STM32_USB_Device_Library/Class/CDC/Src/usbd_cdc.o
                0x0000000008005a76                USBD_CDC_ReceivePacket
 .text.USBD_Init
                0x0000000008005aca       0x56 Middlewares/ST/STM32_USB_Device_Library/Core/Src/usbd_core.o
                0x0000000008005aca                USBD_Init
 .text.USBD_RegisterClass
                0x0000000008005b20       0x32 Middlewares/ST/STM32_USB_Device_Library/Core/Src/usbd_core.o
                0x0000000008005b20                USBD_RegisterClass
 .text.USBD_Start
                0x0000000008005b52       0x18 Middlewares/ST/STM32_USB_Device_Library/Core/Src/usbd_core.o
                0x0000000008005b52                USBD_Start
 .text.USBD_RunTestMode
                0x0000000008005b6a       0x14 Middlewares/ST/STM32_USB_Device_Library/Core/Src/usbd_core.o
                0x0000000008005b6a                USBD_RunTestMode
 .text.USBD_SetClassConfig
                0x0000000008005b7e       0x3e Middlewares/ST/STM32_USB_Device_Library/Core/Src/usbd_core.o
                0x0000000008005b7e                USBD_SetClassConfig
 .text.USBD_ClrClassConfig
                0x0000000008005bbc       0x26 Middlewares/ST/STM32_USB_Device_Library/Core/Src/usbd_core.o
                0x0000000008005bbc                USBD_ClrClassConfig
 .text.USBD_LL_SetupStage
                0x0000000008005be2       0x96 Middlewares/ST/STM32_USB_Device_Library/Core/Src/usbd_core.o
                0x0000000008005be2                USBD_LL_SetupStage
 .text.USBD_LL_DataOutStage
                0x0000000008005c78       0xe2 Middlewares/ST/STM32_USB_Device_Library/Core/Src/usbd_core.o
                0x0000000008005c78                USBD_LL_DataOutStage
 .text.USBD_LL_DataInStage
                0x0000000008005d5a      0x14a Middlewares/ST/STM32_USB_Device_Library/Core/Src/usbd_core.o
                0x0000000008005d5a                USBD_LL_DataInStage
 .text.USBD_LL_Reset
                0x0000000008005ea4       0x82 Middlewares/ST/STM32_USB_Device_Library/Core/Src/usbd_core.o
                0x0000000008005ea4                USBD_LL_Reset
 .text.USBD_LL_SetSpeed
                0x0000000008005f26       0x1e Middlewares/ST/STM32_USB_Device_Library/Core/Src/usbd_core.o
                0x0000000008005f26                USBD_LL_SetSpeed
 .text.USBD_LL_Suspend
                0x0000000008005f44       0x28 Middlewares/ST/STM32_USB_Device_Library/Core/Src/usbd_core.o
                0x0000000008005f44                USBD_LL_Suspend
 .text.USBD_LL_Resume
                0x0000000008005f6c       0x2a Middlewares/ST/STM32_USB_Device_Library/Core/Src/usbd_core.o
                0x0000000008005f6c                USBD_LL_Resume
 .text.USBD_LL_SOF
                0x0000000008005f96       0x34 Middlewares/ST/STM32_USB_Device_Library/Core/Src/usbd_core.o
                0x0000000008005f96                USBD_LL_SOF
 *fill*         0x0000000008005fca        0x2 
 .text.USBD_StdDevReq
                0x0000000008005fcc       0xd4 Middlewares/ST/STM32_USB_Device_Library/Core/Src/usbd_ctlreq.o
                0x0000000008005fcc                USBD_StdDevReq
 .text.USBD_StdItfReq
                0x00000000080060a0       0x8c Middlewares/ST/STM32_USB_Device_Library/Core/Src/usbd_ctlreq.o
                0x00000000080060a0                USBD_StdItfReq
 .text.USBD_StdEPReq
                0x000000000800612c      0x2ba Middlewares/ST/STM32_USB_Device_Library/Core/Src/usbd_ctlreq.o
                0x000000000800612c                USBD_StdEPReq
 *fill*         0x00000000080063e6        0x2 
 .text.USBD_GetDescriptor
                0x00000000080063e8      0x2d0 Middlewares/ST/STM32_USB_Device_Library/Core/Src/usbd_ctlreq.o
 .text.USBD_SetAddress
                0x00000000080066b8       0x84 Middlewares/ST/STM32_USB_Device_Library/Core/Src/usbd_ctlreq.o
 .text.USBD_SetConfig
                0x000000000800673c      0x11c Middlewares/ST/STM32_USB_Device_Library/Core/Src/usbd_ctlreq.o
 .text.USBD_GetConfig
                0x0000000008006858       0x68 Middlewares/ST/STM32_USB_Device_Library/Core/Src/usbd_ctlreq.o
 .text.USBD_GetStatus
                0x00000000080068c0       0x66 Middlewares/ST/STM32_USB_Device_Library/Core/Src/usbd_ctlreq.o
 .text.USBD_SetFeature
                0x0000000008006926       0x28 Middlewares/ST/STM32_USB_Device_Library/Core/Src/usbd_ctlreq.o
 .text.USBD_ClrFeature
                0x000000000800694e       0x42 Middlewares/ST/STM32_USB_Device_Library/Core/Src/usbd_ctlreq.o
 .text.USBD_ParseSetupRequest
                0x0000000008006990       0x78 Middlewares/ST/STM32_USB_Device_Library/Core/Src/usbd_ctlreq.o
                0x0000000008006990                USBD_ParseSetupRequest
 .text.USBD_CtlError
                0x0000000008006a08       0x22 Middlewares/ST/STM32_USB_Device_Library/Core/Src/usbd_ctlreq.o
                0x0000000008006a08                USBD_CtlError
 .text.USBD_GetString
                0x0000000008006a2a       0x84 Middlewares/ST/STM32_USB_Device_Library/Core/Src/usbd_ctlreq.o
                0x0000000008006a2a                USBD_GetString
 .text.USBD_GetLen
                0x0000000008006aae       0x2e Middlewares/ST/STM32_USB_Device_Library/Core/Src/usbd_ctlreq.o
 .text.USBD_CtlSendData
                0x0000000008006adc       0x38 Middlewares/ST/STM32_USB_Device_Library/Core/Src/usbd_ioreq.o
                0x0000000008006adc                USBD_CtlSendData
 .text.USBD_CtlContinueSendData
                0x0000000008006b14       0x24 Middlewares/ST/STM32_USB_Device_Library/Core/Src/usbd_ioreq.o
                0x0000000008006b14                USBD_CtlContinueSendData
 .text.USBD_CtlPrepareRx
                0x0000000008006b38       0x3c Middlewares/ST/STM32_USB_Device_Library/Core/Src/usbd_ioreq.o
                0x0000000008006b38                USBD_CtlPrepareRx
 .text.USBD_CtlContinueRx
                0x0000000008006b74       0x24 Middlewares/ST/STM32_USB_Device_Library/Core/Src/usbd_ioreq.o
                0x0000000008006b74                USBD_CtlContinueRx
 .text.USBD_CtlSendStatus
                0x0000000008006b98       0x26 Middlewares/ST/STM32_USB_Device_Library/Core/Src/usbd_ioreq.o
                0x0000000008006b98                USBD_CtlSendStatus
 .text.USBD_CtlReceiveStatus
                0x0000000008006bbe       0x26 Middlewares/ST/STM32_USB_Device_Library/Core/Src/usbd_ioreq.o
                0x0000000008006bbe                USBD_CtlReceiveStatus
 .text.MX_USB_DEVICE_Init
                0x0000000008006be4       0x60 USB_DEVICE/App/usb_device.o
                0x0000000008006be4                MX_USB_DEVICE_Init
 .text.CDC_Init_FS
                0x0000000008006c44       0x28 USB_DEVICE/App/usbd_cdc_if.o
 .text.CDC_DeInit_FS
                0x0000000008006c6c        0xe USB_DEVICE/App/usbd_cdc_if.o
 *fill*         0x0000000008006c7a        0x2 
 .text.CDC_Control_FS
                0x0000000008006c7c       0xbc USB_DEVICE/App/usbd_cdc_if.o
 .text.CDC_Receive_FS
                0x0000000008006d38       0x78 USB_DEVICE/App/usbd_cdc_if.o
 .text.CDC_Transmit_FS
                0x0000000008006db0       0x4c USB_DEVICE/App/usbd_cdc_if.o
                0x0000000008006db0                CDC_Transmit_FS
 .text.USBD_FS_DeviceDescriptor
                0x0000000008006dfc       0x24 USB_DEVICE/App/usbd_desc.o
                0x0000000008006dfc                USBD_FS_DeviceDescriptor
 .text.USBD_FS_LangIDStrDescriptor
                0x0000000008006e20       0x24 USB_DEVICE/App/usbd_desc.o
                0x0000000008006e20                USBD_FS_LangIDStrDescriptor
 .text.USBD_FS_ProductStrDescriptor
                0x0000000008006e44       0x3c USB_DEVICE/App/usbd_desc.o
                0x0000000008006e44                USBD_FS_ProductStrDescriptor
 .text.USBD_FS_ManufacturerStrDescriptor
                0x0000000008006e80       0x28 USB_DEVICE/App/usbd_desc.o
                0x0000000008006e80                USBD_FS_ManufacturerStrDescriptor
 .text.USBD_FS_SerialStrDescriptor
                0x0000000008006ea8       0x24 USB_DEVICE/App/usbd_desc.o
                0x0000000008006ea8                USBD_FS_SerialStrDescriptor
 .text.USBD_FS_ConfigStrDescriptor
                0x0000000008006ecc       0x3c USB_DEVICE/App/usbd_desc.o
                0x0000000008006ecc                USBD_FS_ConfigStrDescriptor
 .text.USBD_FS_InterfaceStrDescriptor
                0x0000000008006f08       0x3c USB_DEVICE/App/usbd_desc.o
                0x0000000008006f08                USBD_FS_InterfaceStrDescriptor
 .text.Get_SerialNum
                0x0000000008006f44       0x58 USB_DEVICE/App/usbd_desc.o
 .text.IntToUnicode
                0x0000000008006f9c       0x7a USB_DEVICE/App/usbd_desc.o
 *fill*         0x0000000008007016        0x2 
 .text.HAL_PCD_MspInit
                0x0000000008007018       0x4c USB_DEVICE/Target/usbd_conf.o
                0x0000000008007018                HAL_PCD_MspInit
 .text.HAL_PCD_SetupStageCallback
                0x0000000008007064       0x24 USB_DEVICE/Target/usbd_conf.o
                0x0000000008007064                HAL_PCD_SetupStageCallback
 .text.HAL_PCD_DataOutStageCallback
                0x0000000008007088       0x36 USB_DEVICE/Target/usbd_conf.o
                0x0000000008007088                HAL_PCD_DataOutStageCallback
 .text.HAL_PCD_DataInStageCallback
                0x00000000080070be       0x34 USB_DEVICE/Target/usbd_conf.o
                0x00000000080070be                HAL_PCD_DataInStageCallback
 .text.HAL_PCD_SOFCallback
                0x00000000080070f2       0x1c USB_DEVICE/Target/usbd_conf.o
                0x00000000080070f2                HAL_PCD_SOFCallback
 .text.HAL_PCD_ResetCallback
                0x000000000800710e       0x3c USB_DEVICE/Target/usbd_conf.o
                0x000000000800710e                HAL_PCD_ResetCallback
 *fill*         0x000000000800714a        0x2 
 .text.HAL_PCD_SuspendCallback
                0x000000000800714c       0x34 USB_DEVICE/Target/usbd_conf.o
                0x000000000800714c                HAL_PCD_SuspendCallback
 .text.HAL_PCD_ResumeCallback
                0x0000000008007180       0x1c USB_DEVICE/Target/usbd_conf.o
                0x0000000008007180                HAL_PCD_ResumeCallback
 .text.USBD_LL_Init
                0x000000000800719c       0xb4 USB_DEVICE/Target/usbd_conf.o
                0x000000000800719c                USBD_LL_Init
 .text.USBD_LL_Start
                0x0000000008007250       0x36 USB_DEVICE/Target/usbd_conf.o
                0x0000000008007250                USBD_LL_Start
 .text.USBD_LL_OpenEP
                0x0000000008007286       0x4c USB_DEVICE/Target/usbd_conf.o
                0x0000000008007286                USBD_LL_OpenEP
 .text.USBD_LL_CloseEP
                0x00000000080072d2       0x3e USB_DEVICE/Target/usbd_conf.o
                0x00000000080072d2                USBD_LL_CloseEP
 .text.USBD_LL_StallEP
                0x0000000008007310       0x3e USB_DEVICE/Target/usbd_conf.o
                0x0000000008007310                USBD_LL_StallEP
 .text.USBD_LL_ClearStallEP
                0x000000000800734e       0x3e USB_DEVICE/Target/usbd_conf.o
                0x000000000800734e                USBD_LL_ClearStallEP
 .text.USBD_LL_IsStallEP
                0x000000000800738c       0x58 USB_DEVICE/Target/usbd_conf.o
                0x000000000800738c                USBD_LL_IsStallEP
 .text.USBD_LL_SetUSBAddress
                0x00000000080073e4       0x3e USB_DEVICE/Target/usbd_conf.o
                0x00000000080073e4                USBD_LL_SetUSBAddress
 .text.USBD_LL_Transmit
                0x0000000008007422       0x46 USB_DEVICE/Target/usbd_conf.o
                0x0000000008007422                USBD_LL_Transmit
 .text.USBD_LL_PrepareReceive
                0x0000000008007468       0x46 USB_DEVICE/Target/usbd_conf.o
                0x0000000008007468                USBD_LL_PrepareReceive
 .text.USBD_LL_GetRxDataSize
                0x00000000080074ae       0x26 USB_DEVICE/Target/usbd_conf.o
                0x00000000080074ae                USBD_LL_GetRxDataSize
 .text.USBD_static_malloc
                0x00000000080074d4       0x18 USB_DEVICE/Target/usbd_conf.o
                0x00000000080074d4                USBD_static_malloc
 .text.USBD_static_free
                0x00000000080074ec       0x12 USB_DEVICE/Target/usbd_conf.o
                0x00000000080074ec                USBD_static_free
 .text.HAL_PCDEx_SetConnectionState
                0x00000000080074fe       0x16 USB_DEVICE/Target/usbd_conf.o
                0x00000000080074fe                HAL_PCDEx_SetConnectionState
 .text.USBD_Get_USB_Status
                0x0000000008007514       0x58 USB_DEVICE/Target/usbd_conf.o
 .text.__libc_init_array
                0x000000000800756c       0x48 c:/st/stm32cubeide_1.3.0/stm32cubeide/plugins/com.st.stm32cube.ide.mcu.externaltools.gnu-tools-for-stm32.7-2018-q2-update.win32_1.0.0.201904181610/tools/bin/../lib/gcc/arm-none-eabi/7.3.1/../../../../arm-none-eabi/lib/thumb/v7-m\libc_nano.a(lib_a-init.o)
                0x000000000800756c                __libc_init_array
 .text.memset   0x00000000080075b4       0x10 c:/st/stm32cubeide_1.3.0/stm32cubeide/plugins/com.st.stm32cube.ide.mcu.externaltools.gnu-tools-for-stm32.7-2018-q2-update.win32_1.0.0.201904181610/tools/bin/../lib/gcc/arm-none-eabi/7.3.1/../../../../arm-none-eabi/lib/thumb/v7-m\libc_nano.a(lib_a-memset.o)
                0x00000000080075b4                memset
 .text.strncpy  0x00000000080075c4       0x2a c:/st/stm32cubeide_1.3.0/stm32cubeide/plugins/com.st.stm32cube.ide.mcu.externaltools.gnu-tools-for-stm32.7-2018-q2-update.win32_1.0.0.201904181610/tools/bin/../lib/gcc/arm-none-eabi/7.3.1/../../../../arm-none-eabi/lib/thumb/v7-m\libc_nano.a(lib_a-strncpy.o)
                0x00000000080075c4                strncpy
 *(.glue_7)
 .glue_7        0x00000000080075ee        0x0 linker stubs
 *(.glue_7t)
 .glue_7t       0x00000000080075ee        0x0 linker stubs
 *(.eh_frame)
 *fill*         0x00000000080075ee        0x2 
 .eh_frame      0x00000000080075f0        0x0 c:/st/stm32cubeide_1.3.0/stm32cubeide/plugins/com.st.stm32cube.ide.mcu.externaltools.gnu-tools-for-stm32.7-2018-q2-update.win32_1.0.0.201904181610/tools/bin/../lib/gcc/arm-none-eabi/7.3.1/thumb/v7-m/crtbegin.o
 *(.init)
 .init          0x00000000080075f0        0x4 c:/st/stm32cubeide_1.3.0/stm32cubeide/plugins/com.st.stm32cube.ide.mcu.externaltools.gnu-tools-for-stm32.7-2018-q2-update.win32_1.0.0.201904181610/tools/bin/../lib/gcc/arm-none-eabi/7.3.1/thumb/v7-m/crti.o
                0x00000000080075f0                _init
 .init          0x00000000080075f4        0x8 c:/st/stm32cubeide_1.3.0/stm32cubeide/plugins/com.st.stm32cube.ide.mcu.externaltools.gnu-tools-for-stm32.7-2018-q2-update.win32_1.0.0.201904181610/tools/bin/../lib/gcc/arm-none-eabi/7.3.1/thumb/v7-m/crtn.o
 *(.fini)
 .fini          0x00000000080075fc        0x4 c:/st/stm32cubeide_1.3.0/stm32cubeide/plugins/com.st.stm32cube.ide.mcu.externaltools.gnu-tools-for-stm32.7-2018-q2-update.win32_1.0.0.201904181610/tools/bin/../lib/gcc/arm-none-eabi/7.3.1/thumb/v7-m/crti.o
                0x00000000080075fc                _fini
 .fini          0x0000000008007600        0x8 c:/st/stm32cubeide_1.3.0/stm32cubeide/plugins/com.st.stm32cube.ide.mcu.externaltools.gnu-tools-for-stm32.7-2018-q2-update.win32_1.0.0.201904181610/tools/bin/../lib/gcc/arm-none-eabi/7.3.1/thumb/v7-m/crtn.o
                0x0000000008007608                . = ALIGN (0x4)
                0x0000000008007608                _etext = .

.vfp11_veneer   0x0000000008007608        0x0
 .vfp11_veneer  0x0000000008007608        0x0 linker stubs

.v4_bx          0x0000000008007608        0x0
 .v4_bx         0x0000000008007608        0x0 linker stubs

.iplt           0x0000000008007608        0x0
 .iplt          0x0000000008007608        0x0 c:/st/stm32cubeide_1.3.0/stm32cubeide/plugins/com.st.stm32cube.ide.mcu.externaltools.gnu-tools-for-stm32.7-2018-q2-update.win32_1.0.0.201904181610/tools/bin/../lib/gcc/arm-none-eabi/7.3.1/thumb/v7-m/crtbegin.o

.rodata         0x0000000008007608       0x64
                0x0000000008007608                . = ALIGN (0x4)
 *(.rodata)
 .rodata        0x0000000008007608       0x12 Drivers/STM32F1xx_HAL_Driver/Src/stm32f1xx_hal_rcc.o
 *fill*         0x000000000800761a        0x2 
 .rodata        0x000000000800761c       0x3e USB_DEVICE/App/usbd_desc.o
 *(.rodata*)
 *fill*         0x000000000800765a        0x2 
 .rodata.AHBPrescTable
                0x000000000800765c       0x10 Core/Src/system_stm32f1xx.o
                0x000000000800765c                AHBPrescTable
                0x000000000800766c                . = ALIGN (0x4)

.rel.dyn        0x000000000800766c        0x0
 .rel.iplt      0x000000000800766c        0x0 c:/st/stm32cubeide_1.3.0/stm32cubeide/plugins/com.st.stm32cube.ide.mcu.externaltools.gnu-tools-for-stm32.7-2018-q2-update.win32_1.0.0.201904181610/tools/bin/../lib/gcc/arm-none-eabi/7.3.1/thumb/v7-m/crtbegin.o

.ARM.extab      0x000000000800766c        0x0
                0x000000000800766c                . = ALIGN (0x4)
 *(.ARM.extab* .gnu.linkonce.armextab.*)
                0x000000000800766c                . = ALIGN (0x4)

.ARM            0x000000000800766c        0x0
                0x000000000800766c                . = ALIGN (0x4)
                0x000000000800766c                __exidx_start = .
 *(.ARM.exidx*)
                0x000000000800766c                __exidx_end = .
                0x000000000800766c                . = ALIGN (0x4)

.preinit_array  0x000000000800766c        0x0
                0x000000000800766c                . = ALIGN (0x4)
                0x000000000800766c                PROVIDE (__preinit_array_start = .)
 *(.preinit_array*)
                0x000000000800766c                PROVIDE (__preinit_array_end = .)
                0x000000000800766c                . = ALIGN (0x4)

.init_array     0x000000000800766c        0x4
                0x000000000800766c                . = ALIGN (0x4)
                0x000000000800766c                PROVIDE (__init_array_start = .)
 *(SORT_BY_NAME(.init_array.*))
 *(.init_array*)
 .init_array    0x000000000800766c        0x4 c:/st/stm32cubeide_1.3.0/stm32cubeide/plugins/com.st.stm32cube.ide.mcu.externaltools.gnu-tools-for-stm32.7-2018-q2-update.win32_1.0.0.201904181610/tools/bin/../lib/gcc/arm-none-eabi/7.3.1/thumb/v7-m/crtbegin.o
                0x0000000008007670                PROVIDE (__init_array_end = .)
                0x0000000008007670                . = ALIGN (0x4)

.fini_array     0x0000000008007670        0x4
                0x0000000008007670                . = ALIGN (0x4)
                [!provide]                        PROVIDE (__fini_array_start = .)
 *(SORT_BY_NAME(.fini_array.*))
 *(.fini_array*)
 .fini_array    0x0000000008007670        0x4 c:/st/stm32cubeide_1.3.0/stm32cubeide/plugins/com.st.stm32cube.ide.mcu.externaltools.gnu-tools-for-stm32.7-2018-q2-update.win32_1.0.0.201904181610/tools/bin/../lib/gcc/arm-none-eabi/7.3.1/thumb/v7-m/crtbegin.o
                [!provide]                        PROVIDE (__fini_array_end = .)
                0x0000000008007674                . = ALIGN (0x4)
                0x0000000008007674                _sidata = LOADADDR (.data)

.data           0x0000000020000000      0x17c load address 0x0000000008007674
                0x0000000020000000                . = ALIGN (0x4)
                0x0000000020000000                _sdata = .
 *(.data)
 *(.data*)
 .data.SystemCoreClock
                0x0000000020000000        0x4 Core/Src/system_stm32f1xx.o
                0x0000000020000000                SystemCoreClock
 .data.uwTickPrio
                0x0000000020000004        0x4 Drivers/STM32F1xx_HAL_Driver/Src/stm32f1xx_hal.o
                0x0000000020000004                uwTickPrio
 .data.uwTickFreq
                0x0000000020000008        0x1 Drivers/STM32F1xx_HAL_Driver/Src/stm32f1xx_hal.o
                0x0000000020000008                uwTickFreq
 *fill*         0x0000000020000009        0x3 
 .data.USBD_CDC_DeviceQualifierDesc
                0x000000002000000c        0xa Middlewares/ST/STM32_USB_Device_Library/Class/CDC/Src/usbd_cdc.o
 *fill*         0x0000000020000016        0x2 
 .data.USBD_CDC
                0x0000000020000018       0x38 Middlewares/ST/STM32_USB_Device_Library/Class/CDC/Src/usbd_cdc.o
                0x0000000020000018                USBD_CDC
 .data.USBD_CDC_CfgHSDesc
                0x0000000020000050       0x43 Middlewares/ST/STM32_USB_Device_Library/Class/CDC/Src/usbd_cdc.o
                0x0000000020000050                USBD_CDC_CfgHSDesc
 *fill*         0x0000000020000093        0x1 
 .data.USBD_CDC_CfgFSDesc
                0x0000000020000094       0x43 Middlewares/ST/STM32_USB_Device_Library/Class/CDC/Src/usbd_cdc.o
                0x0000000020000094                USBD_CDC_CfgFSDesc
 *fill*         0x00000000200000d7        0x1 
 .data.USBD_CDC_OtherSpeedCfgDesc
                0x00000000200000d8       0x43 Middlewares/ST/STM32_USB_Device_Library/Class/CDC/Src/usbd_cdc.o
                0x00000000200000d8                USBD_CDC_OtherSpeedCfgDesc
 *fill*         0x000000002000011b        0x1 
 .data.USBD_Interface_fops_FS
                0x000000002000011c       0x10 USB_DEVICE/App/usbd_cdc_if.o
                0x000000002000011c                USBD_Interface_fops_FS
 .data.FS_Desc  0x000000002000012c       0x1c USB_DEVICE/App/usbd_desc.o
                0x000000002000012c                FS_Desc
 .data.USBD_FS_DeviceDesc
                0x0000000020000148       0x12 USB_DEVICE/App/usbd_desc.o
                0x0000000020000148                USBD_FS_DeviceDesc
 *fill*         0x000000002000015a        0x2 
 .data.USBD_LangIDDesc
                0x000000002000015c        0x4 USB_DEVICE/App/usbd_desc.o
                0x000000002000015c                USBD_LangIDDesc
 .data.USBD_StringSerial
                0x0000000020000160       0x1a USB_DEVICE/App/usbd_desc.o
                0x0000000020000160                USBD_StringSerial
                0x000000002000017c                . = ALIGN (0x4)
 *fill*         0x000000002000017a        0x2 
                0x000000002000017c                _edata = .

.igot.plt       0x000000002000017c        0x0 load address 0x00000000080077f0
 .igot.plt      0x000000002000017c        0x0 c:/st/stm32cubeide_1.3.0/stm32cubeide/plugins/com.st.stm32cube.ide.mcu.externaltools.gnu-tools-for-stm32.7-2018-q2-update.win32_1.0.0.201904181610/tools/bin/../lib/gcc/arm-none-eabi/7.3.1/thumb/v7-m/crtbegin.o
                0x000000002000017c                . = ALIGN (0x4)

.bss            0x000000002000017c     0x15cc load address 0x00000000080077f0
                0x000000002000017c                _sbss = .
                0x000000002000017c                __bss_start__ = _sbss
 *(.bss)
 .bss           0x000000002000017c       0x1c c:/st/stm32cubeide_1.3.0/stm32cubeide/plugins/com.st.stm32cube.ide.mcu.externaltools.gnu-tools-for-stm32.7-2018-q2-update.win32_1.0.0.201904181610/tools/bin/../lib/gcc/arm-none-eabi/7.3.1/thumb/v7-m/crtbegin.o
 *(.bss*)
 .bss.rx_ready  0x0000000020000198        0x1 Core/Src/main.o
                0x0000000020000198                rx_ready
 *fill*         0x0000000020000199        0x3 
 .bss.rx_data_len
                0x000000002000019c        0x4 Core/Src/main.o
                0x000000002000019c                rx_data_len
 .bss.cfgidx.7629
                0x00000000200001a0        0x1 Middlewares/ST/STM32_USB_Device_Library/Core/Src/usbd_ctlreq.o
 *fill*         0x00000000200001a1        0x3 
 .bss.mem.7694  0x00000000200001a4      0x220 USB_DEVICE/Target/usbd_conf.o
 *(COMMON)
 COMMON         0x00000000200003c4      0x400 Core/Src/main.o
                0x00000000200003c4                rx_buff
                0x00000000200005c4                tx_buff
 COMMON         0x00000000200007c4        0x4 Drivers/STM32F1xx_HAL_Driver/Src/stm32f1xx_hal.o
                0x00000000200007c4                uwTick
 COMMON         0x00000000200007c8      0x2c4 USB_DEVICE/App/usb_device.o
                0x00000000200007c8                hUsbDeviceFS
 COMMON         0x0000000020000a8c      0x7d0 USB_DEVICE/App/usbd_cdc_if.o
                0x0000000020000a8c                UserRxBufferFS
                0x0000000020000e74                UserTxBufferFS
 COMMON         0x000000002000125c      0x200 USB_DEVICE/App/usbd_desc.o
                0x000000002000125c                USBD_StrDesc
 COMMON         0x000000002000145c      0x2ec USB_DEVICE/Target/usbd_conf.o
                0x000000002000145c                hpcd_USB_FS
                0x0000000020001748                . = ALIGN (0x4)
                0x0000000020001748                _ebss = .
                0x0000000020001748                __bss_end__ = _ebss

._user_heap_stack
                0x0000000020001748     0x2000 load address 0x00000000080077f0
                0x0000000020001748                . = ALIGN (0x8)
                0x0000000020001748                PROVIDE (end = .)
                [!provide]                        PROVIDE (_end = .)
                0x0000000020002748                . = (. + _Min_Heap_Size)
 *fill*         0x0000000020001748     0x1000 
                0x0000000020003748                . = (. + _Min_Stack_Size)
 *fill*         0x0000000020002748     0x1000 
                0x0000000020003748                . = ALIGN (0x8)

/DISCARD/
 libc.a(*)
 libm.a(*)
 libgcc.a(*)

.ARM.attributes
                0x0000000000000000       0x29
 *(.ARM.attributes)
 .ARM.attributes
                0x0000000000000000       0x1d c:/st/stm32cubeide_1.3.0/stm32cubeide/plugins/com.st.stm32cube.ide.mcu.externaltools.gnu-tools-for-stm32.7-2018-q2-update.win32_1.0.0.201904181610/tools/bin/../lib/gcc/arm-none-eabi/7.3.1/thumb/v7-m/crti.o
 .ARM.attributes
                0x000000000000001d       0x2d c:/st/stm32cubeide_1.3.0/stm32cubeide/plugins/com.st.stm32cube.ide.mcu.externaltools.gnu-tools-for-stm32.7-2018-q2-update.win32_1.0.0.201904181610/tools/bin/../lib/gcc/arm-none-eabi/7.3.1/thumb/v7-m/crtbegin.o
 .ARM.attributes
                0x000000000000004a       0x33 Core/Src/main.o
 .ARM.attributes
                0x000000000000007d       0x33 Core/Src/stm32f1xx_hal_msp.o
 .ARM.attributes
                0x00000000000000b0       0x33 Core/Src/stm32f1xx_it.o
 .ARM.attributes
                0x00000000000000e3       0x33 Core/Src/system_stm32f1xx.o
 .ARM.attributes
                0x0000000000000116       0x21 Core/Startup/startup_stm32f103c8tx.o
 .ARM.attributes
                0x0000000000000137       0x33 Drivers/STM32F1xx_HAL_Driver/Src/stm32f1xx_hal.o
 .ARM.attributes
                0x000000000000016a       0x33 Drivers/STM32F1xx_HAL_Driver/Src/stm32f1xx_hal_cortex.o
 .ARM.attributes
                0x000000000000019d       0x33 Drivers/STM32F1xx_HAL_Driver/Src/stm32f1xx_hal_gpio.o
 .ARM.attributes
                0x00000000000001d0       0x33 Drivers/STM32F1xx_HAL_Driver/Src/stm32f1xx_hal_pcd.o
 .ARM.attributes
                0x0000000000000203       0x33 Drivers/STM32F1xx_HAL_Driver/Src/stm32f1xx_hal_pcd_ex.o
 .ARM.attributes
                0x0000000000000236       0x33 Drivers/STM32F1xx_HAL_Driver/Src/stm32f1xx_hal_rcc.o
 .ARM.attributes
                0x0000000000000269       0x33 Drivers/STM32F1xx_HAL_Driver/Src/stm32f1xx_hal_rcc_ex.o
 .ARM.attributes
                0x000000000000029c       0x33 Drivers/STM32F1xx_HAL_Driver/Src/stm32f1xx_ll_usb.o
 .ARM.attributes
                0x00000000000002cf       0x33 Middlewares/ST/STM32_USB_Device_Library/Class/CDC/Src/usbd_cdc.o
 .ARM.attributes
                0x0000000000000302       0x33 Middlewares/ST/STM32_USB_Device_Library/Core/Src/usbd_core.o
 .ARM.attributes
                0x0000000000000335       0x33 Middlewares/ST/STM32_USB_Device_Library/Core/Src/usbd_ctlreq.o
 .ARM.attributes
                0x0000000000000368       0x33 Middlewares/ST/STM32_USB_Device_Library/Core/Src/usbd_ioreq.o
 .ARM.attributes
                0x000000000000039b       0x33 USB_DEVICE/App/usb_device.o
 .ARM.attributes
                0x00000000000003ce       0x33 USB_DEVICE/App/usbd_cdc_if.o
 .ARM.attributes
                0x0000000000000401       0x33 USB_DEVICE/App/usbd_desc.o
 .ARM.attributes
                0x0000000000000434       0x33 USB_DEVICE/Target/usbd_conf.o
 .ARM.attributes
                0x0000000000000467       0x2d c:/st/stm32cubeide_1.3.0/stm32cubeide/plugins/com.st.stm32cube.ide.mcu.externaltools.gnu-tools-for-stm32.7-2018-q2-update.win32_1.0.0.201904181610/tools/bin/../lib/gcc/arm-none-eabi/7.3.1/../../../../arm-none-eabi/lib/thumb/v7-m\libc_nano.a(lib_a-init.o)
 .ARM.attributes
                0x0000000000000494       0x2d c:/st/stm32cubeide_1.3.0/stm32cubeide/plugins/com.st.stm32cube.ide.mcu.externaltools.gnu-tools-for-stm32.7-2018-q2-update.win32_1.0.0.201904181610/tools/bin/../lib/gcc/arm-none-eabi/7.3.1/../../../../arm-none-eabi/lib/thumb/v7-m\libc_nano.a(lib_a-memset.o)
 .ARM.attributes
                0x00000000000004c1       0x2d c:/st/stm32cubeide_1.3.0/stm32cubeide/plugins/com.st.stm32cube.ide.mcu.externaltools.gnu-tools-for-stm32.7-2018-q2-update.win32_1.0.0.201904181610/tools/bin/../lib/gcc/arm-none-eabi/7.3.1/../../../../arm-none-eabi/lib/thumb/v7-m\libc_nano.a(lib_a-strncpy.o)
 .ARM.attributes
                0x00000000000004ee       0x1d c:/st/stm32cubeide_1.3.0/stm32cubeide/plugins/com.st.stm32cube.ide.mcu.externaltools.gnu-tools-for-stm32.7-2018-q2-update.win32_1.0.0.201904181610/tools/bin/../lib/gcc/arm-none-eabi/7.3.1/thumb/v7-m/crtn.o
OUTPUT(com_test.elf elf32-littlearm)

.debug_info     0x0000000000000000    0x10a09
 .debug_info    0x0000000000000000     0x1312 Core/Src/main.o
 .debug_info    0x0000000000001312      0x2d6 Core/Src/stm32f1xx_hal_msp.o
 .debug_info    0x00000000000015e8      0x6a6 Core/Src/stm32f1xx_it.o
 .debug_info    0x0000000000001c8e      0x29a Core/Src/system_stm32f1xx.o
 .debug_info    0x0000000000001f28       0x22 Core/Startup/startup_stm32f103c8tx.o
 .debug_info    0x0000000000001f4a      0x714 Drivers/STM32F1xx_HAL_Driver/Src/stm32f1xx_hal.o
 .debug_info    0x000000000000265e      0xb51 Drivers/STM32F1xx_HAL_Driver/Src/stm32f1xx_hal_cortex.o
 .debug_info    0x00000000000031af      0x69b Drivers/STM32F1xx_HAL_Driver/Src/stm32f1xx_hal_gpio.o
 .debug_info    0x000000000000384a     0x122f Drivers/STM32F1xx_HAL_Driver/Src/stm32f1xx_hal_pcd.o
 .debug_info    0x0000000000004a79      0x785 Drivers/STM32F1xx_HAL_Driver/Src/stm32f1xx_hal_pcd_ex.o
 .debug_info    0x00000000000051fe      0x80f Drivers/STM32F1xx_HAL_Driver/Src/stm32f1xx_hal_rcc.o
 .debug_info    0x0000000000005a0d      0x444 Drivers/STM32F1xx_HAL_Driver/Src/stm32f1xx_hal_rcc_ex.o
 .debug_info    0x0000000000005e51     0x17e7 Drivers/STM32F1xx_HAL_Driver/Src/stm32f1xx_ll_usb.o
 .debug_info    0x0000000000007638     0x17b6 Middlewares/ST/STM32_USB_Device_Library/Class/CDC/Src/usbd_cdc.o
 .debug_info    0x0000000000008dee     0x11d2 Middlewares/ST/STM32_USB_Device_Library/Core/Src/usbd_core.o
 .debug_info    0x0000000000009fc0     0x1142 Middlewares/ST/STM32_USB_Device_Library/Core/Src/usbd_ctlreq.o
 .debug_info    0x000000000000b102      0xf33 Middlewares/ST/STM32_USB_Device_Library/Core/Src/usbd_ioreq.o
 .debug_info    0x000000000000c035      0xe7b USB_DEVICE/App/usb_device.o
 .debug_info    0x000000000000ceb0     0x1088 USB_DEVICE/App/usbd_cdc_if.o
 .debug_info    0x000000000000df38      0xd17 USB_DEVICE/App/usbd_desc.o
 .debug_info    0x000000000000ec4f     0x1dba USB_DEVICE/Target/usbd_conf.o

.debug_abbrev   0x0000000000000000     0x2a17
 .debug_abbrev  0x0000000000000000      0x340 Core/Src/main.o
 .debug_abbrev  0x0000000000000340      0x109 Core/Src/stm32f1xx_hal_msp.o
 .debug_abbrev  0x0000000000000449      0x155 Core/Src/stm32f1xx_it.o
 .debug_abbrev  0x000000000000059e      0x134 Core/Src/system_stm32f1xx.o
 .debug_abbrev  0x00000000000006d2       0x12 Core/Startup/startup_stm32f103c8tx.o
 .debug_abbrev  0x00000000000006e4      0x1c7 Drivers/STM32F1xx_HAL_Driver/Src/stm32f1xx_hal.o
 .debug_abbrev  0x00000000000008ab      0x2d5 Drivers/STM32F1xx_HAL_Driver/Src/stm32f1xx_hal_cortex.o
 .debug_abbrev  0x0000000000000b80      0x1c0 Drivers/STM32F1xx_HAL_Driver/Src/stm32f1xx_hal_gpio.o
 .debug_abbrev  0x0000000000000d40      0x268 Drivers/STM32F1xx_HAL_Driver/Src/stm32f1xx_hal_pcd.o
 .debug_abbrev  0x0000000000000fa8      0x188 Drivers/STM32F1xx_HAL_Driver/Src/stm32f1xx_hal_pcd_ex.o
 .debug_abbrev  0x0000000000001130      0x243 Drivers/STM32F1xx_HAL_Driver/Src/stm32f1xx_hal_rcc.o
 .debug_abbrev  0x0000000000001373      0x175 Drivers/STM32F1xx_HAL_Driver/Src/stm32f1xx_hal_rcc_ex.o
 .debug_abbrev  0x00000000000014e8      0x1d2 Drivers/STM32F1xx_HAL_Driver/Src/stm32f1xx_ll_usb.o
 .debug_abbrev  0x00000000000016ba      0x2b6 Middlewares/ST/STM32_USB_Device_Library/Class/CDC/Src/usbd_cdc.o
 .debug_abbrev  0x0000000000001970      0x270 Middlewares/ST/STM32_USB_Device_Library/Core/Src/usbd_core.o
 .debug_abbrev  0x0000000000001be0      0x2a0 Middlewares/ST/STM32_USB_Device_Library/Core/Src/usbd_ctlreq.o
 .debug_abbrev  0x0000000000001e80      0x1e0 Middlewares/ST/STM32_USB_Device_Library/Core/Src/usbd_ioreq.o
 .debug_abbrev  0x0000000000002060      0x1be USB_DEVICE/App/usb_device.o
 .debug_abbrev  0x000000000000221e      0x28e USB_DEVICE/App/usbd_cdc_if.o
 .debug_abbrev  0x00000000000024ac      0x290 USB_DEVICE/App/usbd_desc.o
 .debug_abbrev  0x000000000000273c      0x2db USB_DEVICE/Target/usbd_conf.o

.debug_aranges  0x0000000000000000      0xb28
 .debug_aranges
                0x0000000000000000      0x100 Core/Src/main.o
 .debug_aranges
                0x0000000000000100       0x20 Core/Src/stm32f1xx_hal_msp.o
 .debug_aranges
                0x0000000000000120       0x68 Core/Src/stm32f1xx_it.o
 .debug_aranges
                0x0000000000000188       0x28 Core/Src/system_stm32f1xx.o
 .debug_aranges
                0x00000000000001b0       0x28 Core/Startup/startup_stm32f103c8tx.o
 .debug_aranges
                0x00000000000001d8       0xe0 Drivers/STM32F1xx_HAL_Driver/Src/stm32f1xx_hal.o
 .debug_aranges
                0x00000000000002b8      0x100 Drivers/STM32F1xx_HAL_Driver/Src/stm32f1xx_hal_cortex.o
 .debug_aranges
                0x00000000000003b8       0x58 Drivers/STM32F1xx_HAL_Driver/Src/stm32f1xx_hal_gpio.o
 .debug_aranges
                0x0000000000000410      0x138 Drivers/STM32F1xx_HAL_Driver/Src/stm32f1xx_hal_pcd.o
 .debug_aranges
                0x0000000000000548       0x38 Drivers/STM32F1xx_HAL_Driver/Src/stm32f1xx_hal_pcd_ex.o
 .debug_aranges
                0x0000000000000580       0x90 Drivers/STM32F1xx_HAL_Driver/Src/stm32f1xx_hal_rcc.o
 .debug_aranges
                0x0000000000000610       0x30 Drivers/STM32F1xx_HAL_Driver/Src/stm32f1xx_hal_rcc_ex.o
 .debug_aranges
                0x0000000000000640       0xf0 Drivers/STM32F1xx_HAL_Driver/Src/stm32f1xx_ll_usb.o
 .debug_aranges
                0x0000000000000730       0x90 Middlewares/ST/STM32_USB_Device_Library/Class/CDC/Src/usbd_cdc.o
 .debug_aranges
                0x00000000000007c0       0xb8 Middlewares/ST/STM32_USB_Device_Library/Core/Src/usbd_core.o
 .debug_aranges
                0x0000000000000878       0x88 Middlewares/ST/STM32_USB_Device_Library/Core/Src/usbd_ctlreq.o
 .debug_aranges
                0x0000000000000900       0x50 Middlewares/ST/STM32_USB_Device_Library/Core/Src/usbd_ioreq.o
 .debug_aranges
                0x0000000000000950       0x20 USB_DEVICE/App/usb_device.o
 .debug_aranges
                0x0000000000000970       0x40 USB_DEVICE/App/usbd_cdc_if.o
 .debug_aranges
                0x00000000000009b0       0x60 USB_DEVICE/App/usbd_desc.o
 .debug_aranges
                0x0000000000000a10      0x118 USB_DEVICE/Target/usbd_conf.o

.debug_ranges   0x0000000000000000      0x9e0
 .debug_ranges  0x0000000000000000       0xf0 Core/Src/main.o
 .debug_ranges  0x00000000000000f0       0x10 Core/Src/stm32f1xx_hal_msp.o
 .debug_ranges  0x0000000000000100       0x58 Core/Src/stm32f1xx_it.o
 .debug_ranges  0x0000000000000158       0x18 Core/Src/system_stm32f1xx.o
 .debug_ranges  0x0000000000000170       0x20 Core/Startup/startup_stm32f103c8tx.o
 .debug_ranges  0x0000000000000190       0xd0 Drivers/STM32F1xx_HAL_Driver/Src/stm32f1xx_hal.o
 .debug_ranges  0x0000000000000260       0xf0 Drivers/STM32F1xx_HAL_Driver/Src/stm32f1xx_hal_cortex.o
 .debug_ranges  0x0000000000000350       0x48 Drivers/STM32F1xx_HAL_Driver/Src/stm32f1xx_hal_gpio.o
 .debug_ranges  0x0000000000000398      0x128 Drivers/STM32F1xx_HAL_Driver/Src/stm32f1xx_hal_pcd.o
 .debug_ranges  0x00000000000004c0       0x28 Drivers/STM32F1xx_HAL_Driver/Src/stm32f1xx_hal_pcd_ex.o
 .debug_ranges  0x00000000000004e8       0x80 Drivers/STM32F1xx_HAL_Driver/Src/stm32f1xx_hal_rcc.o
 .debug_ranges  0x0000000000000568       0x20 Drivers/STM32F1xx_HAL_Driver/Src/stm32f1xx_hal_rcc_ex.o
 .debug_ranges  0x0000000000000588       0xe0 Drivers/STM32F1xx_HAL_Driver/Src/stm32f1xx_ll_usb.o
 .debug_ranges  0x0000000000000668       0x80 Middlewares/ST/STM32_USB_Device_Library/Class/CDC/Src/usbd_cdc.o
 .debug_ranges  0x00000000000006e8       0xa8 Middlewares/ST/STM32_USB_Device_Library/Core/Src/usbd_core.o
 .debug_ranges  0x0000000000000790       0x78 Middlewares/ST/STM32_USB_Device_Library/Core/Src/usbd_ctlreq.o
 .debug_ranges  0x0000000000000808       0x40 Middlewares/ST/STM32_USB_Device_Library/Core/Src/usbd_ioreq.o
 .debug_ranges  0x0000000000000848       0x10 USB_DEVICE/App/usb_device.o
 .debug_ranges  0x0000000000000858       0x30 USB_DEVICE/App/usbd_cdc_if.o
 .debug_ranges  0x0000000000000888       0x50 USB_DEVICE/App/usbd_desc.o
 .debug_ranges  0x00000000000008d8      0x108 USB_DEVICE/Target/usbd_conf.o

.debug_macro    0x0000000000000000    0x1963c
 .debug_macro   0x0000000000000000      0x49c Core/Src/main.o
 .debug_macro   0x000000000000049c      0xa5a Core/Src/main.o
 .debug_macro   0x0000000000000ef6      0x215 Core/Src/main.o
 .debug_macro   0x000000000000110b       0x2e Core/Src/main.o
 .debug_macro   0x0000000000001139       0x22 Core/Src/main.o
 .debug_macro   0x000000000000115b       0x22 Core/Src/main.o
 .debug_macro   0x000000000000117d       0x8e Core/Src/main.o
 .debug_macro   0x000000000000120b       0x51 Core/Src/main.o
 .debug_macro   0x000000000000125c       0xef Core/Src/main.o
 .debug_macro   0x000000000000134b       0x6a Core/Src/main.o
 .debug_macro   0x00000000000013b5      0x1df Core/Src/main.o
 .debug_macro   0x0000000000001594       0x1c Core/Src/main.o
 .debug_macro   0x00000000000015b0       0x22 Core/Src/main.o
 .debug_macro   0x00000000000015d2       0xc3 Core/Src/main.o
 .debug_macro   0x0000000000001695      0xd23 Core/Src/main.o
 .debug_macro   0x00000000000023b8     0xe097 Core/Src/main.o
 .debug_macro   0x000000000001044f       0x43 Core/Src/main.o
 .debug_macro   0x0000000000010492     0x3468 Core/Src/main.o
 .debug_macro   0x00000000000138fa      0x174 Core/Src/main.o
 .debug_macro   0x0000000000013a6e       0x5c Core/Src/main.o
 .debug_macro   0x0000000000013aca      0x5be Core/Src/main.o
 .debug_macro   0x0000000000014088      0x289 Core/Src/main.o
 .debug_macro   0x0000000000014311      0x1cb Core/Src/main.o
 .debug_macro   0x00000000000144dc      0x114 Core/Src/main.o
 .debug_macro   0x00000000000145f0      0x1b2 Core/Src/main.o
 .debug_macro   0x00000000000147a2       0x27 Core/Src/main.o
 .debug_macro   0x00000000000147c9      0x136 Core/Src/main.o
 .debug_macro   0x00000000000148ff      0x1bc Core/Src/main.o
 .debug_macro   0x0000000000014abb       0x34 Core/Src/main.o
 .debug_macro   0x0000000000014aef       0x3c Core/Src/main.o
 .debug_macro   0x0000000000014b2b       0x57 Core/Src/main.o
 .debug_macro   0x0000000000014b82       0x88 Core/Src/main.o
 .debug_macro   0x0000000000014c0a      0x241 Core/Src/main.o
 .debug_macro   0x0000000000014e4b      0x141 Core/Src/main.o
 .debug_macro   0x0000000000014f8c       0x65 Core/Src/main.o
 .debug_macro   0x0000000000014ff1      0x249 Core/Src/main.o
 .debug_macro   0x000000000001523a       0x83 Core/Src/main.o
 .debug_macro   0x00000000000152bd       0x46 Core/Src/main.o
 .debug_macro   0x0000000000015303       0x18 Core/Src/main.o
 .debug_macro   0x000000000001531b       0x3c Core/Src/main.o
 .debug_macro   0x0000000000015357       0x34 Core/Src/main.o
 .debug_macro   0x000000000001538b       0x16 Core/Src/main.o
 .debug_macro   0x00000000000153a1       0x35 Core/Src/main.o
 .debug_macro   0x00000000000153d6      0x32a Core/Src/main.o
 .debug_macro   0x0000000000015700       0x10 Core/Src/main.o
 .debug_macro   0x0000000000015710       0x52 Core/Src/main.o
 .debug_macro   0x0000000000015762       0x1f Core/Src/main.o
 .debug_macro   0x0000000000015781       0x43 Core/Src/main.o
 .debug_macro   0x00000000000157c4       0x20 Core/Src/main.o
 .debug_macro   0x00000000000157e4      0x1a3 Core/Src/main.o
 .debug_macro   0x0000000000015987       0x10 Core/Src/main.o
 .debug_macro   0x0000000000015997       0x1c Core/Src/main.o
 .debug_macro   0x00000000000159b3       0x52 Core/Src/main.o
 .debug_macro   0x0000000000015a05       0x40 Core/Src/main.o
 .debug_macro   0x0000000000015a45       0x10 Core/Src/main.o
 .debug_macro   0x0000000000015a55       0x40 Core/Src/main.o
 .debug_macro   0x0000000000015a95       0xd7 Core/Src/main.o
 .debug_macro   0x0000000000015b6c       0x1c Core/Src/main.o
 .debug_macro   0x0000000000015b88       0x3d Core/Src/main.o
 .debug_macro   0x0000000000015bc5       0x16 Core/Src/main.o
 .debug_macro   0x0000000000015bdb      0x145 Core/Src/main.o
 .debug_macro   0x0000000000015d20       0x16 Core/Src/main.o
 .debug_macro   0x0000000000015d36       0x16 Core/Src/main.o
 .debug_macro   0x0000000000015d4c       0x29 Core/Src/main.o
 .debug_macro   0x0000000000015d75       0x16 Core/Src/main.o
 .debug_macro   0x0000000000015d8b       0x20 Core/Src/main.o
 .debug_macro   0x0000000000015dab       0x60 Core/Src/main.o
 .debug_macro   0x0000000000015e0b      0x1c8 Core/Src/main.o
 .debug_macro   0x0000000000015fd3      0x1b2 Core/Src/stm32f1xx_hal_msp.o
 .debug_macro   0x0000000000016185      0x1bc Core/Src/stm32f1xx_it.o
 .debug_macro   0x0000000000016341      0x1a8 Core/Src/system_stm32f1xx.o
 .debug_macro   0x00000000000164e9      0x1cc Drivers/STM32F1xx_HAL_Driver/Src/stm32f1xx_hal.o
 .debug_macro   0x00000000000166b5      0x1a8 Drivers/STM32F1xx_HAL_Driver/Src/stm32f1xx_hal_cortex.o
 .debug_macro   0x000000000001685d      0x213 Drivers/STM32F1xx_HAL_Driver/Src/stm32f1xx_hal_gpio.o
 .debug_macro   0x0000000000016a70      0x1b4 Drivers/STM32F1xx_HAL_Driver/Src/stm32f1xx_hal_pcd.o
 .debug_macro   0x0000000000016c24      0x1a8 Drivers/STM32F1xx_HAL_Driver/Src/stm32f1xx_hal_pcd_ex.o
 .debug_macro   0x0000000000016dcc      0x1ba Drivers/STM32F1xx_HAL_Driver/Src/stm32f1xx_hal_rcc.o
 .debug_macro   0x0000000000016f86      0x1a8 Drivers/STM32F1xx_HAL_Driver/Src/stm32f1xx_hal_rcc_ex.o
 .debug_macro   0x000000000001712e      0x1a8 Drivers/STM32F1xx_HAL_Driver/Src/stm32f1xx_ll_usb.o
 .debug_macro   0x00000000000172d6      0x3bf Middlewares/ST/STM32_USB_Device_Library/Class/CDC/Src/usbd_cdc.o
 .debug_macro   0x0000000000017695       0x97 Middlewares/ST/STM32_USB_Device_Library/Class/CDC/Src/usbd_cdc.o
 .debug_macro   0x000000000001772c       0xfd Middlewares/ST/STM32_USB_Device_Library/Class/CDC/Src/usbd_cdc.o
 .debug_macro   0x0000000000017829       0xbd Middlewares/ST/STM32_USB_Device_Library/Class/CDC/Src/usbd_cdc.o
 .debug_macro   0x00000000000178e6       0x56 Middlewares/ST/STM32_USB_Device_Library/Class/CDC/Src/usbd_cdc.o
 .debug_macro   0x000000000001793c       0x8f Middlewares/ST/STM32_USB_Device_Library/Class/CDC/Src/usbd_cdc.o
 .debug_macro   0x00000000000179cb      0x3a6 Middlewares/ST/STM32_USB_Device_Library/Core/Src/usbd_core.o
 .debug_macro   0x0000000000017d71      0x1ce Middlewares/ST/STM32_USB_Device_Library/Core/Src/usbd_core.o
 .debug_macro   0x0000000000017f3f      0x3b0 Middlewares/ST/STM32_USB_Device_Library/Core/Src/usbd_ctlreq.o
 .debug_macro   0x00000000000182ef      0x3ac Middlewares/ST/STM32_USB_Device_Library/Core/Src/usbd_ioreq.o
 .debug_macro   0x000000000001869b      0x3e6 USB_DEVICE/App/usb_device.o
 .debug_macro   0x0000000000018a81       0x22 USB_DEVICE/App/usb_device.o
 .debug_macro   0x0000000000018aa3      0x3d1 USB_DEVICE/App/usbd_cdc_if.o
 .debug_macro   0x0000000000018e74      0x3e3 USB_DEVICE/App/usbd_desc.o
 .debug_macro   0x0000000000019257       0x1c USB_DEVICE/App/usbd_desc.o
 .debug_macro   0x0000000000019273      0x3c9 USB_DEVICE/Target/usbd_conf.o

.debug_line     0x0000000000000000     0xc1ed
 .debug_line    0x0000000000000000      0xce7 Core/Src/main.o
 .debug_line    0x0000000000000ce7      0x676 Core/Src/stm32f1xx_hal_msp.o
 .debug_line    0x000000000000135d      0x72b Core/Src/stm32f1xx_it.o
 .debug_line    0x0000000000001a88      0x69d Core/Src/system_stm32f1xx.o
 .debug_line    0x0000000000002125       0x84 Core/Startup/startup_stm32f103c8tx.o
 .debug_line    0x00000000000021a9      0x850 Drivers/STM32F1xx_HAL_Driver/Src/stm32f1xx_hal.o
 .debug_line    0x00000000000029f9      0x927 Drivers/STM32F1xx_HAL_Driver/Src/stm32f1xx_hal_cortex.o
 .debug_line    0x0000000000003320      0x84c Drivers/STM32F1xx_HAL_Driver/Src/stm32f1xx_hal_gpio.o
 .debug_line    0x0000000000003b6c      0xcb4 Drivers/STM32F1xx_HAL_Driver/Src/stm32f1xx_hal_pcd.o
 .debug_line    0x0000000000004820      0x6c1 Drivers/STM32F1xx_HAL_Driver/Src/stm32f1xx_hal_pcd_ex.o
 .debug_line    0x0000000000004ee1      0x910 Drivers/STM32F1xx_HAL_Driver/Src/stm32f1xx_hal_rcc.o
 .debug_line    0x00000000000057f1      0x72e Drivers/STM32F1xx_HAL_Driver/Src/stm32f1xx_hal_rcc_ex.o
 .debug_line    0x0000000000005f1f      0xce9 Drivers/STM32F1xx_HAL_Driver/Src/stm32f1xx_ll_usb.o
 .debug_line    0x0000000000006c08      0xb2c Middlewares/ST/STM32_USB_Device_Library/Class/CDC/Src/usbd_cdc.o
 .debug_line    0x0000000000007734      0xb67 Middlewares/ST/STM32_USB_Device_Library/Core/Src/usbd_core.o
 .debug_line    0x000000000000829b      0xbf0 Middlewares/ST/STM32_USB_Device_Library/Core/Src/usbd_ctlreq.o
 .debug_line    0x0000000000008e8b      0x9d0 Middlewares/ST/STM32_USB_Device_Library/Core/Src/usbd_ioreq.o
 .debug_line    0x000000000000985b      0x9b2 USB_DEVICE/App/usb_device.o
 .debug_line    0x000000000000a20d      0x9ee USB_DEVICE/App/usbd_cdc_if.o
 .debug_line    0x000000000000abfb      0xa04 USB_DEVICE/App/usbd_desc.o
 .debug_line    0x000000000000b5ff      0xbee USB_DEVICE/Target/usbd_conf.o

.debug_str      0x0000000000000000    0x84eb6
 .debug_str     0x0000000000000000    0x82167 Core/Src/main.o
                                      0x8258b (size before relaxing)
 .debug_str     0x0000000000082167       0x95 Core/Src/stm32f1xx_hal_msp.o
                                      0x7d0b6 (size before relaxing)
 .debug_str     0x00000000000821fc      0x3e9 Core/Src/stm32f1xx_it.o
                                      0x7d459 (size before relaxing)
 .debug_str     0x00000000000825e5       0x52 Core/Src/system_stm32f1xx.o
                                      0x7d0a3 (size before relaxing)
 .debug_str     0x0000000000082637       0x36 Core/Startup/startup_stm32f103c8tx.o
                                         0x71 (size before relaxing)
 .debug_str     0x000000000008266d      0x55e Drivers/STM32F1xx_HAL_Driver/Src/stm32f1xx_hal.o
                                      0x7d734 (size before relaxing)
 .debug_str     0x0000000000082bcb      0x2d8 Drivers/STM32F1xx_HAL_Driver/Src/stm32f1xx_hal_cortex.o
                                      0x7d73c (size before relaxing)
 .debug_str     0x0000000000082ea3      0x324 Drivers/STM32F1xx_HAL_Driver/Src/stm32f1xx_hal_gpio.o
                                      0x7d467 (size before relaxing)
 .debug_str     0x00000000000831c7      0x3e5 Drivers/STM32F1xx_HAL_Driver/Src/stm32f1xx_hal_pcd.o
                                      0x7d7f6 (size before relaxing)
 .debug_str     0x00000000000835ac      0x18d Drivers/STM32F1xx_HAL_Driver/Src/stm32f1xx_hal_pcd_ex.o
                                      0x7d543 (size before relaxing)
 .debug_str     0x0000000000083739      0x24f Drivers/STM32F1xx_HAL_Driver/Src/stm32f1xx_hal_rcc.o
                                      0x7d4a0 (size before relaxing)
 .debug_str     0x0000000000083988       0xb9 Drivers/STM32F1xx_HAL_Driver/Src/stm32f1xx_hal_rcc_ex.o
                                      0x7d22d (size before relaxing)
 .debug_str     0x0000000000083a41      0x2ad Drivers/STM32F1xx_HAL_Driver/Src/stm32f1xx_ll_usb.o
                                      0x7d576 (size before relaxing)
 .debug_str     0x0000000000083cee      0x8d9 Middlewares/ST/STM32_USB_Device_Library/Class/CDC/Src/usbd_cdc.o
                                      0x828af (size before relaxing)
 .debug_str     0x00000000000845c7      0x1b5 Middlewares/ST/STM32_USB_Device_Library/Core/Src/usbd_core.o
                                      0x821aa (size before relaxing)
 .debug_str     0x000000000008477c      0x134 Middlewares/ST/STM32_USB_Device_Library/Core/Src/usbd_ctlreq.o
                                      0x82130 (size before relaxing)
 .debug_str     0x00000000000848b0       0xc9 Middlewares/ST/STM32_USB_Device_Library/Core/Src/usbd_ioreq.o
                                      0x820b8 (size before relaxing)
 .debug_str     0x0000000000084979       0xec USB_DEVICE/App/usb_device.o
                                      0x823f3 (size before relaxing)
 .debug_str     0x0000000000084a65       0xac USB_DEVICE/App/usbd_cdc_if.o
                                      0x82484 (size before relaxing)
 .debug_str     0x0000000000084b11      0x251 USB_DEVICE/App/usbd_desc.o
                                      0x8201c (size before relaxing)
 .debug_str     0x0000000000084d62      0x154 USB_DEVICE/Target/usbd_conf.o
                                      0x82cd5 (size before relaxing)

.comment        0x0000000000000000       0x7b
 .comment       0x0000000000000000       0x7b Core/Src/main.o
                                         0x7c (size before relaxing)
 .comment       0x000000000000007b       0x7c Core/Src/stm32f1xx_hal_msp.o
 .comment       0x000000000000007b       0x7c Core/Src/stm32f1xx_it.o
 .comment       0x000000000000007b       0x7c Core/Src/system_stm32f1xx.o
 .comment       0x000000000000007b       0x7c Drivers/STM32F1xx_HAL_Driver/Src/stm32f1xx_hal.o
 .comment       0x000000000000007b       0x7c Drivers/STM32F1xx_HAL_Driver/Src/stm32f1xx_hal_cortex.o
 .comment       0x000000000000007b       0x7c Drivers/STM32F1xx_HAL_Driver/Src/stm32f1xx_hal_gpio.o
 .comment       0x000000000000007b       0x7c Drivers/STM32F1xx_HAL_Driver/Src/stm32f1xx_hal_pcd.o
 .comment       0x000000000000007b       0x7c Drivers/STM32F1xx_HAL_Driver/Src/stm32f1xx_hal_pcd_ex.o
 .comment       0x000000000000007b       0x7c Drivers/STM32F1xx_HAL_Driver/Src/stm32f1xx_hal_rcc.o
 .comment       0x000000000000007b       0x7c Drivers/STM32F1xx_HAL_Driver/Src/stm32f1xx_hal_rcc_ex.o
 .comment       0x000000000000007b       0x7c Drivers/STM32F1xx_HAL_Driver/Src/stm32f1xx_ll_usb.o
 .comment       0x000000000000007b       0x7c Middlewares/ST/STM32_USB_Device_Library/Class/CDC/Src/usbd_cdc.o
 .comment       0x000000000000007b       0x7c Middlewares/ST/STM32_USB_Device_Library/Core/Src/usbd_core.o
 .comment       0x000000000000007b       0x7c Middlewares/ST/STM32_USB_Device_Library/Core/Src/usbd_ctlreq.o
 .comment       0x000000000000007b       0x7c Middlewares/ST/STM32_USB_Device_Library/Core/Src/usbd_ioreq.o
 .comment       0x000000000000007b       0x7c USB_DEVICE/App/usb_device.o
 .comment       0x000000000000007b       0x7c USB_DEVICE/App/usbd_cdc_if.o
 .comment       0x000000000000007b       0x7c USB_DEVICE/App/usbd_desc.o
 .comment       0x000000000000007b       0x7c USB_DEVICE/Target/usbd_conf.o

.debug_frame    0x0000000000000000     0x2b2c
 .debug_frame   0x0000000000000000      0x3e4 Core/Src/main.o
 .debug_frame   0x00000000000003e4       0x38 Core/Src/stm32f1xx_hal_msp.o
 .debug_frame   0x000000000000041c      0x128 Core/Src/stm32f1xx_it.o
 .debug_frame   0x0000000000000544       0x58 Core/Src/system_stm32f1xx.o
 .debug_frame   0x000000000000059c      0x334 Drivers/STM32F1xx_HAL_Driver/Src/stm32f1xx_hal.o
 .debug_frame   0x00000000000008d0      0x428 Drivers/STM32F1xx_HAL_Driver/Src/stm32f1xx_hal_cortex.o
 .debug_frame   0x0000000000000cf8      0x14c Drivers/STM32F1xx_HAL_Driver/Src/stm32f1xx_hal_gpio.o
 .debug_frame   0x0000000000000e44      0x578 Drivers/STM32F1xx_HAL_Driver/Src/stm32f1xx_hal_pcd.o
 .debug_frame   0x00000000000013bc       0xb0 Drivers/STM32F1xx_HAL_Driver/Src/stm32f1xx_hal_pcd_ex.o
 .debug_frame   0x000000000000146c      0x21c Drivers/STM32F1xx_HAL_Driver/Src/stm32f1xx_hal_rcc.o
 .debug_frame   0x0000000000001688       0x84 Drivers/STM32F1xx_HAL_Driver/Src/stm32f1xx_hal_rcc_ex.o
 .debug_frame   0x000000000000170c      0x450 Drivers/STM32F1xx_HAL_Driver/Src/stm32f1xx_ll_usb.o
 .debug_frame   0x0000000000001b5c      0x248 Middlewares/ST/STM32_USB_Device_Library/Class/CDC/Src/usbd_cdc.o
 .debug_frame   0x0000000000001da4      0x300 Middlewares/ST/STM32_USB_Device_Library/Core/Src/usbd_core.o
 .debug_frame   0x00000000000020a4      0x218 Middlewares/ST/STM32_USB_Device_Library/Core/Src/usbd_ctlreq.o
 .debug_frame   0x00000000000022bc      0x10c Middlewares/ST/STM32_USB_Device_Library/Core/Src/usbd_ioreq.o
 .debug_frame   0x00000000000023c8       0x2c USB_DEVICE/App/usb_device.o
 .debug_frame   0x00000000000023f4       0xbc USB_DEVICE/App/usbd_cdc_if.o
 .debug_frame   0x00000000000024b0      0x160 USB_DEVICE/App/usbd_desc.o
 .debug_frame   0x0000000000002610      0x4a4 USB_DEVICE/Target/usbd_conf.o
 .debug_frame   0x0000000000002ab4       0x2c c:/st/stm32cubeide_1.3.0/stm32cubeide/plugins/com.st.stm32cube.ide.mcu.externaltools.gnu-tools-for-stm32.7-2018-q2-update.win32_1.0.0.201904181610/tools/bin/../lib/gcc/arm-none-eabi/7.3.1/../../../../arm-none-eabi/lib/thumb/v7-m\libc_nano.a(lib_a-init.o)
 .debug_frame   0x0000000000002ae0       0x20 c:/st/stm32cubeide_1.3.0/stm32cubeide/plugins/com.st.stm32cube.ide.mcu.externaltools.gnu-tools-for-stm32.7-2018-q2-update.win32_1.0.0.201904181610/tools/bin/../lib/gcc/arm-none-eabi/7.3.1/../../../../arm-none-eabi/lib/thumb/v7-m\libc_nano.a(lib_a-memset.o)
 .debug_frame   0x0000000000002b00       0x2c c:/st/stm32cubeide_1.3.0/stm32cubeide/plugins/com.st.stm32cube.ide.mcu.externaltools.gnu-tools-for-stm32.7-2018-q2-update.win32_1.0.0.201904181610/tools/bin/../lib/gcc/arm-none-eabi/7.3.1/../../../../arm-none-eabi/lib/thumb/v7-m\libc_nano.a(lib_a-strncpy.o)
